--- scripts:  Running run_pcsr on soc-LiveJournal1 (prefix: live-journal) with batch size 1 and algorithm all
### Graph: /data/datasets/graphs/live-journal/soc-LiveJournal1.base.1.adj
### GRAPH API ###
n is suppoted as a function
m is stored
the graph is symmetric
degree is supported
supports basic map
parallel_map_neighbors is supported
map_neighbors_early_exit is supported
parallel_map_neighbors_early_exit is supported
supports insert_batch
total bytes used = 589901464
### Threads: 128
### n: 4847571
### m: 86220846
>>> Begin -----------------------------
>>> Input_file /data/datasets/graphs/live-journal/soc-LiveJournal1.base.1.adj
>>> Batch_file /data/datasets/graphs/live-journal/soc-LiveJournal1.dynamic.1.el
>>> Batch_num 10
>>> Batch_size 1
>>> Alg BFS 
>>> Res: 
0.000004 0.007335
0.000002 0.006599
0.000002 0.006353
0.000002 0.006309
0.000002 0.006128
0.000002 0.006317
0.000002 0.006228
0.000002 0.006168
0.000002 0.006235
0.000002 0.006367
>>> Alg PageRank 
>>> Res: 
0.000002 0.166312
0.000004 0.165368
0.000004 0.164137
0.000004 0.154219
0.000006 0.157244
0.000005 0.162412
0.000005 0.154660
0.000004 0.155711
0.000003 0.164349
0.000004 0.148949
>>> Alg LabelPropagation 
>>> Res: 
0.000002 0.025592
0.000004 0.023792
0.000003 0.023827
0.000003 0.024332
0.000003 0.023069
0.000003 0.023696
0.000003 0.023221
0.000003 0.023289
0.000003 0.022952
0.000003 0.024034
>>> Alg wBFS_unweighted 
>>> Res: 
0.000003 5.469617
0.000004 5.444296
0.000005 5.453912
0.000006 5.550253
0.000005 5.463583
0.000005 5.460527
0.000006 5.807111
0.000009 5.563006
0.000008 5.589103
0.000009 5.548148
>>> End -----------------------------
--- scripts:  program finish, took 231
--- scripts:  Running run_pcsr on com-orkut.ungraph (prefix: orkut) with batch size 1 and algorithm all
### Graph: /data/datasets/graphs/orkut/com-orkut.ungraph.base.1.adj
### GRAPH API ###
n is suppoted as a function
m is stored
the graph is symmetric
degree is supported
supports basic map
parallel_map_neighbors is supported
map_neighbors_early_exit is supported
parallel_map_neighbors_early_exit is supported
supports insert_batch
total bytes used = 1366328600
### Threads: 128
### n: 3072627
### m: 234370156
>>> Begin -----------------------------
>>> Input_file /data/datasets/graphs/orkut/com-orkut.ungraph.base.1.adj
>>> Batch_file /data/datasets/graphs/orkut/com-orkut.ungraph.dynamic.1.el
>>> Batch_num 10
>>> Batch_size 1
>>> Alg BFS 
>>> Res: 
0.000003 0.005531
0.000001 0.005055
0.000001 0.004859
0.000001 0.004724
0.000002 0.004600
0.000001 0.004633
0.000001 0.004558
0.000001 0.004697
0.000001 0.004771
0.000001 0.004609
>>> Alg PageRank 
>>> Res: 
0.000003 0.220127
0.000004 0.198628
0.000004 0.195815
0.000003 0.217848
0.000005 0.196035
0.000003 0.207748
0.000007 0.205181
0.000004 0.193875
0.000004 0.208294
0.000005 0.199842
>>> Alg LabelPropagation 
>>> Res: 
0.000002 0.040810
0.000003 0.038056
0.000003 0.038377
0.000003 0.037406
0.000003 0.037382
0.000003 0.038389
0.000003 0.037369
0.000003 0.037689
0.000003 0.037681
0.000003 0.038110
>>> Alg wBFS_unweighted 
>>> Res: 
0.000003 3.892588
0.000005 3.888010
0.000004 3.882992
0.000004 3.895557
0.000004 3.899730
0.000004 3.897555
0.000004 3.884542
0.000004 3.889757
0.000004 3.887678
0.000004 3.898460
>>> End -----------------------------
--- scripts:  program finish, took 173
--- scripts:  Running run_pcsr on cit-Patents (prefix: cit-Patents) with batch size 1 and algorithm all
### Graph: /data/datasets/graphs/cit-Patents/cit-Patents.base.1.adj
### GRAPH API ###
n is suppoted as a function
m is stored
the graph is symmetric
degree is supported
supports basic map
parallel_map_neighbors is supported
map_neighbors_early_exit is supported
parallel_map_neighbors_early_exit is supported
supports insert_batch
total bytes used = 286216696
### Threads: 128
### n: 6009555
### m: 33037885
>>> Begin -----------------------------
>>> Input_file /data/datasets/graphs/cit-Patents/cit-Patents.base.1.adj
>>> Batch_file /data/datasets/graphs/cit-Patents/cit-Patents.dynamic.1.el
>>> Batch_num 10
>>> Batch_size 1
>>> Alg BFS 
>>> Res: 
0.000002 0.009378
0.000001 0.008521
0.000002 0.008278
0.000002 0.008255
0.000002 0.008230
0.000002 0.008370
0.000002 0.008176
0.000001 0.008193
0.000002 0.008234
0.000001 0.008143
>>> Alg PageRank 
>>> Res: 
0.000002 0.163807
0.000005 0.152793
0.000003 0.148415
0.000004 0.153584
0.000003 0.153710
0.000005 0.145265
0.000005 0.146557
0.000004 0.149576
0.000007 0.145298
0.000003 0.136369
>>> Alg LabelPropagation 
>>> Res: 
0.000002 0.025599
0.000003 0.022082
0.000003 0.022737
0.000003 0.022882
0.000003 0.022167
0.000003 0.022282
0.000003 0.022519
0.000003 0.022290
0.000003 0.022156
0.000003 0.022455
>>> Alg wBFS_unweighted 
>>> Res: 
0.000003 5.614045
0.000005 5.510809
0.000005 5.571837
0.000005 5.503525
0.000004 5.582531
0.000003 5.572959
0.000005 5.493060
0.000004 5.473790
0.000003 5.478423
0.000003 5.476916
>>> End -----------------------------
--- scripts:  program finish, took 231
--- scripts:  Running run_pcsr on twitter-unique-undir (prefix: twitter) with batch size 1 and algorithm all
### Graph: /data/datasets/graphs/twitter/twitter-unique-undir.base.1.adj
### GRAPH API ###
n is suppoted as a function
m is stored
the graph is symmetric
degree is supported
supports basic map
parallel_map_neighbors is supported
map_neighbors_early_exit is supported
parallel_map_neighbors_early_exit is supported
supports insert_batch
total bytes used = 14557287400
### Threads: 128
### n: 41652231
### m: 2430498273
>>> Begin -----------------------------
>>> Input_file /data/datasets/graphs/twitter/twitter-unique-undir.base.1.adj
>>> Batch_file /data/datasets/graphs/twitter/twitter-unique-undir.dynamic.1.el
>>> Batch_num 10
>>> Batch_size 1
>>> Alg BFS 
>>> Res: 
0.000002 0.042735
0.000003 0.042201
0.000004 0.038583
0.000006 0.041321
0.000004 0.040415
0.000004 0.038270
0.000004 0.042750
0.000004 0.038570
0.000007 0.043066
0.000004 0.041484
>>> Alg PageRank 
>>> Res: 
0.000002 7.115827
0.000005 7.125361
0.000006 7.135868
0.000008 7.123668
0.000005 7.520935
0.000005 7.545831
0.000005 7.392797
0.000005 7.149705
0.000005 7.153793
0.000006 7.147875
>>> Alg LabelPropagation 
>>> Res: 
0.000003 1.083505
0.000005 1.080963
0.000005 1.101492
0.000005 1.082213
0.000005 1.085969
0.000006 1.115290
0.000005 1.074965
0.000005 1.095009
0.000005 1.076692
0.000005 1.095328
>>> Alg wBFS_unweighted 
>>> Res: 
0.000003 42.322103
0.000005 42.210752
0.000006 41.119700
0.000005 45.955589
0.000005 49.032483
0.000006 49.683941
0.000005 50.623970
0.000005 49.879758
0.000005 50.335320
0.000006 52.142546
>>> End -----------------------------
--- scripts:  program finish, took 2256
--- scripts:  Running run_pcsr on soc-LiveJournal1 (prefix: live-journal) with batch size 10 and algorithm all
### Graph: /data/datasets/graphs/live-journal/soc-LiveJournal1.base.10.adj
### GRAPH API ###
n is suppoted as a function
m is stored
the graph is symmetric
degree is supported
supports basic map
parallel_map_neighbors is supported
map_neighbors_early_exit is supported
parallel_map_neighbors_early_exit is supported
supports insert_batch
total bytes used = 589901464
### Threads: 128
### n: 4847571
### m: 86220756
>>> Begin -----------------------------
>>> Input_file /data/datasets/graphs/live-journal/soc-LiveJournal1.base.10.adj
>>> Batch_file /data/datasets/graphs/live-journal/soc-LiveJournal1.dynamic.10.el
>>> Batch_num 10
>>> Batch_size 10
>>> Alg BFS 
>>> Res: 
0.000008 0.007872
0.000013 0.007002
0.000013 0.007251
0.000015 0.006888
0.000014 0.006789
0.000014 0.008393
0.000014 0.007011
0.000014 0.006856
0.000015 0.006832
0.000015 0.006822
>>> Alg PageRank 
>>> Res: 
0.000007 0.207418
0.000016 0.207819
0.000016 0.211326
0.000016 0.208796
0.000015 0.216872
0.000016 0.220075
0.000017 0.215904
0.000017 0.214428
0.000016 0.217854
0.000017 0.222219
>>> Alg LabelPropagation 
>>> Res: 
0.000008 0.029745
0.000016 0.028581
0.000017 0.028458
0.000017 0.028368
0.000016 0.028142
0.000017 0.028572
0.000016 0.028511
0.000016 0.028537
0.000016 0.028229
0.000016 0.028350
>>> Alg wBFS_unweighted 
>>> Res: 
0.000011 5.666234
0.000016 5.642211
0.000016 5.649232
0.000016 5.650253
0.000017 5.649015
0.000017 5.637066
0.000015 5.643821
0.000016 5.663808
0.000016 5.653590
0.000015 5.658451
>>> End -----------------------------
--- scripts:  program finish, took 247
--- scripts:  Running run_pcsr on com-orkut.ungraph (prefix: orkut) with batch size 10 and algorithm all
### Graph: /data/datasets/graphs/orkut/com-orkut.ungraph.base.10.adj
### GRAPH API ###
n is suppoted as a function
m is stored
the graph is symmetric
degree is supported
supports basic map
parallel_map_neighbors is supported
map_neighbors_early_exit is supported
parallel_map_neighbors_early_exit is supported
supports insert_batch
total bytes used = 1366328600
### Threads: 128
### n: 3072627
### m: 234370066
>>> Begin -----------------------------
>>> Input_file /data/datasets/graphs/orkut/com-orkut.ungraph.base.10.adj
>>> Batch_file /data/datasets/graphs/orkut/com-orkut.ungraph.dynamic.10.el
>>> Batch_num 10
>>> Batch_size 10
>>> Alg BFS 
>>> Res: 
0.000010 0.005708
0.000011 0.004991
0.000010 0.005528
0.000011 0.005186
0.000011 0.005170
0.000011 0.005237
0.000012 0.004872
0.000012 0.005391
0.000012 0.004832
0.000013 0.005325
>>> Alg PageRank 
>>> Res: 
0.000013 0.212205
0.000016 0.192730
0.000017 0.202506
0.000019 0.197749
0.000020 0.212613
0.000017 0.210865
0.000019 0.196133
0.000023 0.204685
0.000018 0.222319
0.000021 0.202623
>>> Alg LabelPropagation 
>>> Res: 
0.000012 0.040771
0.000015 0.039939
0.000016 0.039976
0.000016 0.040126
0.000017 0.042132
0.000017 0.040248
0.000017 0.039819
0.000016 0.040667
0.000017 0.039814
0.000018 0.040310
>>> Alg wBFS_unweighted 
>>> Res: 
0.000011 3.928605
0.000019 3.898724
0.000017 3.895432
0.000017 3.901259
0.000017 3.910189
0.000018 3.919605
0.000018 3.916053
0.000017 3.902567
0.000017 3.911714
0.000016 3.909346
>>> End -----------------------------
--- scripts:  program finish, took 176
--- scripts:  Running run_pcsr on cit-Patents (prefix: cit-Patents) with batch size 10 and algorithm all
### Graph: /data/datasets/graphs/cit-Patents/cit-Patents.base.10.adj
### GRAPH API ###
n is suppoted as a function
m is stored
the graph is symmetric
degree is supported
supports basic map
parallel_map_neighbors is supported
map_neighbors_early_exit is supported
parallel_map_neighbors_early_exit is supported
supports insert_batch
total bytes used = 286216696
### Threads: 128
### n: 6009555
### m: 33037795
>>> Begin -----------------------------
>>> Input_file /data/datasets/graphs/cit-Patents/cit-Patents.base.10.adj
>>> Batch_file /data/datasets/graphs/cit-Patents/cit-Patents.dynamic.10.el
>>> Batch_num 10
>>> Batch_size 10
>>> Alg BFS 
>>> Res: 
0.000008 0.009186
0.000010 0.008492
0.000010 0.008306
0.000011 0.009755
0.000011 0.008320
0.000012 0.008236
0.000012 0.008218
0.000011 0.008264
0.000012 0.008188
0.000012 0.008247
>>> Alg PageRank 
>>> Res: 
0.000010 0.175310
0.000015 0.169574
0.000017 0.170530
0.000020 0.171942
0.000018 0.175886
0.000018 0.171832
0.000022 0.171327
0.000018 0.170376
0.000020 0.168891
0.000021 0.154083
>>> Alg LabelPropagation 
>>> Res: 
0.000008 0.028324
0.000013 0.025293
0.000013 0.025532
0.000014 0.025202
0.000013 0.025130
0.000013 0.025355
0.000015 0.025279
0.000013 0.025441
0.000013 0.024817
0.000013 0.024920
>>> Alg wBFS_unweighted 
>>> Res: 
0.000010 5.591803
0.000013 5.618109
0.000013 5.621919
0.000014 5.616445
0.000013 5.594077
0.000012 5.608150
0.000013 5.649803
0.000014 5.602624
0.000014 5.605665
0.000014 5.610047
>>> End -----------------------------
--- scripts:  program finish, took 240
--- scripts:  Running run_pcsr on twitter-unique-undir (prefix: twitter) with batch size 10 and algorithm all
### Graph: /data/datasets/graphs/twitter/twitter-unique-undir.base.10.adj
### GRAPH API ###
n is suppoted as a function
m is stored
the graph is symmetric
degree is supported
supports basic map
parallel_map_neighbors is supported
map_neighbors_early_exit is supported
parallel_map_neighbors_early_exit is supported
supports insert_batch
total bytes used = 14557287400
### Threads: 128
### n: 41652231
### m: 2430498183
>>> Begin -----------------------------
>>> Input_file /data/datasets/graphs/twitter/twitter-unique-undir.base.10.adj
>>> Batch_file /data/datasets/graphs/twitter/twitter-unique-undir.dynamic.10.el
>>> Batch_num 10
>>> Batch_size 10
>>> Alg BFS 
>>> Res: 
0.000010 0.037242
0.000022 0.037167
0.000020 0.038319
0.000022 0.036604
0.000019 0.037903
0.000023 0.036743
0.000019 0.035943
0.000021 0.038481
0.000023 0.036347
0.000026 0.038158
>>> Alg PageRank 
>>> Res: 
0.000012 9.082519
0.000020 8.766933
0.000025 8.843619
0.000025 8.862512
0.000028 8.318933
0.000027 8.270022
0.000024 8.179338
0.000022 8.101320
0.000028 7.967441
0.000029 7.965512
>>> Alg LabelPropagation 
>>> Res: 
0.000014 0.886268
0.000022 0.870653
0.000021 0.895359
0.000021 0.895277
0.000020 0.879634
0.000022 0.888487
0.000021 0.881725
0.000021 0.892307
0.000020 0.889353
0.000021 0.880023
>>> Alg wBFS_unweighted 
>>> Res: 
0.000014 34.208416
0.000026 33.955640
0.000027 33.949054
0.000041 34.054384
0.000028 34.775665
0.000034 34.250491
0.000026 38.099780
0.000027 38.067459
0.000029 37.694080
0.000027 37.918309
>>> End -----------------------------
--- scripts:  program finish, took 1826
--- scripts:  Running run_pcsr on soc-LiveJournal1 (prefix: live-journal) with batch size 100 and algorithm all
### Graph: /data/datasets/graphs/live-journal/soc-LiveJournal1.base.100.adj
### GRAPH API ###
n is suppoted as a function
m is stored
the graph is symmetric
degree is supported
supports basic map
parallel_map_neighbors is supported
map_neighbors_early_exit is supported
parallel_map_neighbors_early_exit is supported
supports insert_batch
total bytes used = 589901464
### Threads: 128
### n: 4847571
### m: 86219856
>>> Begin -----------------------------
>>> Input_file /data/datasets/graphs/live-journal/soc-LiveJournal1.base.100.adj
>>> Batch_file /data/datasets/graphs/live-journal/soc-LiveJournal1.dynamic.100.el
>>> Batch_num 10
>>> Batch_size 100
>>> Alg BFS 
>>> Res: 
0.000063 0.008590
0.000064 0.007961
0.000064 0.008953
0.000065 0.008126
0.000062 0.007818
0.000064 0.009693
0.000098 0.008707
0.000074 0.007862
0.000073 0.007935
0.000073 0.007727
>>> Alg PageRank 
>>> Res: 
0.000071 0.199945
0.000073 0.199782
0.000080 0.204107
0.000077 0.208412
0.000082 0.206904
0.000081 0.205871
0.000082 0.204461
0.000084 0.204616
0.000084 0.204171
0.000084 0.203971
>>> Alg LabelPropagation 
>>> Res: 
0.000063 0.027460
0.000072 0.025499
0.000070 0.025332
0.000070 0.025305
0.000070 0.025264
0.000070 0.025328
0.000071 0.025319
0.000073 0.025086
0.000070 0.024964
0.000071 0.025069
>>> Alg wBFS_unweighted 
>>> Res: 
0.000061 5.612604
0.000068 5.560376
0.000070 5.562359
0.000069 5.554710
0.000069 5.738583
0.000123 5.646221
0.000153 5.587916
0.000077 5.511287
0.000076 5.676849
0.000096 5.555701
>>> End -----------------------------
--- scripts:  program finish, took 237
--- scripts:  Running run_pcsr on com-orkut.ungraph (prefix: orkut) with batch size 100 and algorithm all
### Graph: /data/datasets/graphs/orkut/com-orkut.ungraph.base.100.adj
### GRAPH API ###
n is suppoted as a function
m is stored
the graph is symmetric
degree is supported
supports basic map
parallel_map_neighbors is supported
map_neighbors_early_exit is supported
parallel_map_neighbors_early_exit is supported
supports insert_batch
total bytes used = 1366328600
### Threads: 128
### n: 3072627
### m: 234369166
>>> Begin -----------------------------
>>> Input_file /data/datasets/graphs/orkut/com-orkut.ungraph.base.100.adj
>>> Batch_file /data/datasets/graphs/orkut/com-orkut.ungraph.dynamic.100.el
>>> Batch_num 10
>>> Batch_size 100
>>> Alg BFS 
>>> Res: 
0.000055 0.005210
0.000052 0.004449
0.000050 0.004310
0.000052 0.004301
0.000047 0.004278
0.000051 0.004246
0.000049 0.004362
0.000047 0.004549
0.000049 0.004269
0.000051 0.004398
>>> Alg PageRank 
>>> Res: 
0.000062 0.213272
0.000075 0.208300
0.000081 0.218111
0.000084 0.223645
0.000086 0.208739
0.000080 0.218795
0.000082 0.207984
0.000080 0.203915
0.000092 0.212510
0.000083 0.215379
>>> Alg LabelPropagation 
>>> Res: 
0.000055 0.041267
0.000070 0.039299
0.000072 0.039717
0.000069 0.039285
0.000069 0.039102
0.000071 0.038671
0.000070 0.038805
0.000071 0.039839
0.000070 0.039084
0.000069 0.038700
>>> Alg wBFS_unweighted 
>>> Res: 
0.000063 3.935123
0.000068 3.934143
0.000071 3.956307
0.000068 3.928133
0.000064 3.936626
0.000068 3.936501
0.000066 3.932978
0.000072 3.937570
0.000067 3.934659
0.000069 3.937045
>>> End -----------------------------
--- scripts:  program finish, took 177
--- scripts:  Running run_pcsr on cit-Patents (prefix: cit-Patents) with batch size 100 and algorithm all
### Graph: /data/datasets/graphs/cit-Patents/cit-Patents.base.100.adj
### GRAPH API ###
n is suppoted as a function
m is stored
the graph is symmetric
degree is supported
supports basic map
parallel_map_neighbors is supported
map_neighbors_early_exit is supported
parallel_map_neighbors_early_exit is supported
supports insert_batch
total bytes used = 286216696
### Threads: 128
### n: 6009555
### m: 33036895
>>> Begin -----------------------------
>>> Input_file /data/datasets/graphs/cit-Patents/cit-Patents.base.100.adj
>>> Batch_file /data/datasets/graphs/cit-Patents/cit-Patents.dynamic.100.el
>>> Batch_num 10
>>> Batch_size 100
>>> Alg BFS 
>>> Res: 
0.000059 0.009611
0.000058 0.008719
0.000058 0.008626
0.000058 0.008935
0.000068 0.009765
0.000059 0.008397
0.000060 0.008308
0.000064 0.008272
0.000063 0.008321
0.000066 0.008300
>>> Alg PageRank 
>>> Res: 
0.000058 0.158222
0.000073 0.157726
0.000081 0.162744
0.000076 0.158572
0.000077 0.155600
0.000078 0.154847
0.000077 0.155116
0.000076 0.155145
0.000078 0.155303
0.000076 0.151421
>>> Alg LabelPropagation 
>>> Res: 
0.000060 0.026630
0.000067 0.025820
0.000067 0.023733
0.000064 0.024512
0.000067 0.024701
0.000066 0.024014
0.000064 0.024496
0.000068 0.024522
0.000067 0.023879
0.000068 0.024495
>>> Alg wBFS_unweighted 
>>> Res: 
0.000058 5.531386
0.000065 5.538960
0.000064 5.525668
0.000063 5.524146
0.000061 5.541406
0.000063 5.535082
0.000061 5.525938
0.000063 5.532354
0.000065 5.530578
0.000063 5.527787
>>> End -----------------------------
--- scripts:  program finish, took 238
--- scripts:  Running run_pcsr on twitter-unique-undir (prefix: twitter) with batch size 100 and algorithm all
### Graph: /data/datasets/graphs/twitter/twitter-unique-undir.base.100.adj
### GRAPH API ###
n is suppoted as a function
m is stored
the graph is symmetric
degree is supported
supports basic map
parallel_map_neighbors is supported
map_neighbors_early_exit is supported
parallel_map_neighbors_early_exit is supported
supports insert_batch
total bytes used = 14557287400
### Threads: 128
### n: 41652231
### m: 2430497283
>>> Begin -----------------------------
>>> Input_file /data/datasets/graphs/twitter/twitter-unique-undir.base.100.adj
>>> Batch_file /data/datasets/graphs/twitter/twitter-unique-undir.dynamic.100.el
>>> Batch_num 10
>>> Batch_size 100
>>> Alg BFS 
>>> Res: 
0.000074 0.039462
0.000082 0.040696
0.000082 0.040852
0.000081 0.039928
0.000081 0.041856
0.000088 0.038612
0.000099 0.041334
0.000087 0.038658
0.000087 0.038733
0.000085 0.039068
>>> Alg PageRank 
>>> Res: 
0.000073 8.336059
0.000089 7.531572
0.000087 7.464572
0.000092 7.372952
0.000088 7.461798
0.000092 7.299537
0.000102 7.227954
0.000100 7.311572
0.000106 7.312433
0.000094 7.314587
>>> Alg LabelPropagation 
>>> Res: 
0.000076 0.931005
0.000085 0.892529
0.000088 0.895822
0.000081 0.896812
0.000081 0.876842
0.000084 0.884655
0.000083 0.892217
0.000080 0.867035
0.000087 0.893525
0.000080 0.897656
>>> Alg wBFS_unweighted 
>>> Res: 
0.000070 30.916027
0.000098 29.758461
0.000095 30.660015
0.000089 30.031556
0.000089 31.047220
0.000087 31.990330
0.000090 31.172944
0.000089 30.851330
0.000092 29.605094
0.000089 30.071296
>>> End -----------------------------
--- scripts:  program finish, took 1585
--- scripts:  Running run_pcsr on soc-LiveJournal1 (prefix: live-journal) with batch size 1000 and algorithm all
### Graph: /data/datasets/graphs/live-journal/soc-LiveJournal1.base.1000.adj
### GRAPH API ###
n is suppoted as a function
m is stored
the graph is symmetric
degree is supported
supports basic map
parallel_map_neighbors is supported
map_neighbors_early_exit is supported
parallel_map_neighbors_early_exit is supported
supports insert_batch
total bytes used = 589901464
### Threads: 128
### n: 4847571
### m: 86210856
>>> Begin -----------------------------
>>> Input_file /data/datasets/graphs/live-journal/soc-LiveJournal1.base.1000.adj
>>> Batch_file /data/datasets/graphs/live-journal/soc-LiveJournal1.dynamic.1000.el
>>> Batch_num 10
>>> Batch_size 1000
>>> Alg BFS 
>>> Res: 
0.000145 0.006943
0.000150 0.006370
0.000151 0.006277
0.000153 0.006356
0.000155 0.006335
0.000146 0.006278
0.000153 0.006293
0.000150 0.006485
0.000148 0.006433
0.000154 0.006267
>>> Alg PageRank 
>>> Res: 
0.000143 0.161405
0.000178 0.157655
0.000183 0.159901
0.000171 0.159826
0.000230 0.160466
0.000183 0.159411
0.000187 0.161152
0.000179 0.162997
0.000174 0.163395
0.000191 0.157807
>>> Alg LabelPropagation 
>>> Res: 
0.000150 0.025677
0.000164 0.023683
0.000164 0.024217
0.000160 0.024780
0.000163 0.024703
0.000155 0.024583
0.000162 0.023931
0.000158 0.023973
0.000157 0.024107
0.000164 0.024227
>>> Alg wBFS_unweighted 
>>> Res: 
0.000147 5.525075
0.000155 5.524464
0.000153 5.532341
0.000153 5.531813
0.000157 5.527054
0.000148 5.521222
0.000150 5.520359
0.000148 5.518267
0.000151 5.514807
0.000157 5.512045
>>> End -----------------------------
--- scripts:  program finish, took 238
--- scripts:  Running run_pcsr on com-orkut.ungraph (prefix: orkut) with batch size 1000 and algorithm all
### Graph: /data/datasets/graphs/orkut/com-orkut.ungraph.base.1000.adj
### GRAPH API ###
n is suppoted as a function
m is stored
the graph is symmetric
degree is supported
supports basic map
parallel_map_neighbors is supported
map_neighbors_early_exit is supported
parallel_map_neighbors_early_exit is supported
supports insert_batch
total bytes used = 1366328600
### Threads: 128
### n: 3072627
### m: 234360166
>>> Begin -----------------------------
>>> Input_file /data/datasets/graphs/orkut/com-orkut.ungraph.base.1000.adj
>>> Batch_file /data/datasets/graphs/orkut/com-orkut.ungraph.dynamic.1000.el
>>> Batch_num 10
>>> Batch_size 1000
>>> Alg BFS 
>>> Res: 
0.000156 0.005729
0.000139 0.005011
0.000146 0.004931
0.000144 0.004934
0.000138 0.007883
0.000172 0.005026
0.000167 0.004918
0.000172 0.004897
0.000186 0.004913
0.000200 0.004942
>>> Alg PageRank 
>>> Res: 
0.000156 0.238040
0.000167 0.237575
0.000173 0.241654
0.000174 0.240420
0.000214 0.239233
0.000202 0.239853
0.000208 0.236856
0.000196 0.237901
0.000226 0.210784
0.000217 0.208082
>>> Alg LabelPropagation 
>>> Res: 
0.000160 0.038030
0.000154 0.038130
0.000157 0.039338
0.000158 0.039136
0.000158 0.037874
0.000161 0.037752
0.000162 0.037775
0.000159 0.038332
0.000163 0.038131
0.000156 0.037835
>>> Alg wBFS_unweighted 
>>> Res: 
0.000151 3.843246
0.000157 3.853336
0.000153 3.929705
0.000280 3.898256
0.000191 3.851698
0.000188 3.946457
0.000228 3.881766
0.000170 3.825393
0.000169 3.868920
0.000251 3.870229
>>> End -----------------------------
--- scripts:  program finish, took 169
--- scripts:  Running run_pcsr on cit-Patents (prefix: cit-Patents) with batch size 1000 and algorithm all
### Graph: /data/datasets/graphs/cit-Patents/cit-Patents.base.1000.adj
### GRAPH API ###
n is suppoted as a function
m is stored
the graph is symmetric
degree is supported
supports basic map
parallel_map_neighbors is supported
map_neighbors_early_exit is supported
parallel_map_neighbors_early_exit is supported
supports insert_batch
total bytes used = 286216696
### Threads: 128
### n: 6009555
### m: 33027895
>>> Begin -----------------------------
>>> Input_file /data/datasets/graphs/cit-Patents/cit-Patents.base.1000.adj
>>> Batch_file /data/datasets/graphs/cit-Patents/cit-Patents.dynamic.1000.el
>>> Batch_num 10
>>> Batch_size 1000
>>> Alg BFS 
>>> Res: 
0.000138 0.010249
0.000160 0.009369
0.000150 0.007936
0.000151 0.007979
0.000154 0.007982
0.000163 0.007985
0.000151 0.007940
0.000153 0.007938
0.000153 0.007950
0.000153 0.007987
>>> Alg PageRank 
>>> Res: 
0.000144 0.151368
0.000170 0.151286
0.000160 0.153065
0.000160 0.154369
0.000160 0.150548
0.000161 0.153591
0.000162 0.150955
0.000163 0.150321
0.000166 0.164419
0.000162 0.144118
>>> Alg LabelPropagation 
>>> Res: 
0.000139 0.027297
0.000158 0.025680
0.000157 0.025151
0.000158 0.025190
0.000159 0.024284
0.000160 0.024488
0.000157 0.025044
0.000160 0.024817
0.000162 0.025021
0.000163 0.025617
>>> Alg wBFS_unweighted 
>>> Res: 
0.000142 5.632652
0.000153 5.636025
0.000152 5.638097
0.000149 5.641174
0.000150 5.641295
0.000149 5.639375
0.000193 5.650197
0.000151 5.664291
0.000151 5.634989
0.000152 5.630143
>>> End -----------------------------
--- scripts:  program finish, took 247
--- scripts:  Running run_pcsr on twitter-unique-undir (prefix: twitter) with batch size 1000 and algorithm all
### Graph: /data/datasets/graphs/twitter/twitter-unique-undir.base.1000.adj
### GRAPH API ###
n is suppoted as a function
m is stored
the graph is symmetric
degree is supported
supports basic map
parallel_map_neighbors is supported
map_neighbors_early_exit is supported
parallel_map_neighbors_early_exit is supported
supports insert_batch
total bytes used = 14557287400
### Threads: 128
### n: 41652231
### m: 2430488283
>>> Begin -----------------------------
>>> Input_file /data/datasets/graphs/twitter/twitter-unique-undir.base.1000.adj
>>> Batch_file /data/datasets/graphs/twitter/twitter-unique-undir.dynamic.1000.el
>>> Batch_num 10
>>> Batch_size 1000
>>> Alg BFS 
>>> Res: 
0.000172 0.037530
0.000181 0.039041
0.000185 0.037459
0.000187 0.036647
0.000180 0.037926
0.000192 0.035988
0.000211 0.038048
0.000198 0.040401
0.000208 0.039104
0.000202 0.040477
>>> Alg PageRank 
>>> Res: 
0.000169 8.493448
0.000181 8.274111
0.000222 8.309653
0.000221 8.273734
0.000209 7.859843
0.000193 7.864370
0.000238 7.870464
0.000236 7.574784
0.000251 7.576021
0.000242 7.585676
>>> Alg LabelPropagation 
>>> Res: 
0.000163 0.953330
0.000175 0.951645
0.000228 0.986545
0.000203 0.985317
0.000215 0.980827
0.000205 0.943412
0.000206 0.960743
0.000195 0.953686
0.000208 0.957697
0.000190 0.956960
>>> Alg wBFS_unweighted 
>>> Res: 
0.000177 30.803947
0.000360 34.495267
0.000194 34.816734
0.000193 35.038941
0.000189 34.583737
0.000174 35.555957
0.000179 34.953950
0.000177 37.741736
0.000188 41.613338
0.000174 40.207897
>>> End -----------------------------
--- scripts:  program finish, took 1823
--- scripts:  Running run_pcsr on soc-LiveJournal1 (prefix: live-journal) with batch size 10000 and algorithm all
### Graph: /data/datasets/graphs/live-journal/soc-LiveJournal1.base.10000.adj
### GRAPH API ###
n is suppoted as a function
m is stored
the graph is symmetric
degree is supported
supports basic map
parallel_map_neighbors is supported
map_neighbors_early_exit is supported
parallel_map_neighbors_early_exit is supported
supports insert_batch
total bytes used = 589901464
### Threads: 128
### n: 4847571
### m: 86120856
>>> Begin -----------------------------
>>> Input_file /data/datasets/graphs/live-journal/soc-LiveJournal1.base.10000.adj
>>> Batch_file /data/datasets/graphs/live-journal/soc-LiveJournal1.dynamic.10000.el
>>> Batch_num 10
>>> Batch_size 10000
>>> Alg BFS 
>>> Res: 
0.000588 0.008371
0.000590 0.007412
0.000649 0.007314
0.000584 0.007290
0.000586 0.007345
0.000646 0.007400
0.000678 0.007439
0.000615 0.007549
0.000607 0.007418
0.000623 0.007485
>>> Alg PageRank 
>>> Res: 
0.000615 0.234175
0.000585 0.234145
0.000619 0.239122
0.000573 0.233569
0.000592 0.239501
0.000603 0.231169
0.000617 0.234840
0.000588 0.236440
0.000579 0.234673
0.000593 0.230486
>>> Alg LabelPropagation 
>>> Res: 
0.000602 0.031528
0.000610 0.028031
0.000634 0.028902
0.000566 0.028037
0.000575 0.027347
0.000602 0.027829
0.000616 0.028108
0.000574 0.027817
0.000592 0.027829
0.000599 0.027656
>>> Alg wBFS_unweighted 
>>> Res: 
0.000581 5.720693
0.000596 5.706935
0.000611 5.677652
0.000553 5.668848
0.000550 5.674320
0.000568 5.671232
0.000599 5.653804
0.000568 5.660554
0.000559 5.676158
0.000586 5.664048
>>> End -----------------------------
--- scripts:  program finish, took 248
--- scripts:  Running run_pcsr on com-orkut.ungraph (prefix: orkut) with batch size 10000 and algorithm all
### Graph: /data/datasets/graphs/orkut/com-orkut.ungraph.base.10000.adj
### GRAPH API ###
n is suppoted as a function
m is stored
the graph is symmetric
degree is supported
supports basic map
parallel_map_neighbors is supported
map_neighbors_early_exit is supported
parallel_map_neighbors_early_exit is supported
supports insert_batch
total bytes used = 1366328600
### Threads: 128
### n: 3072627
### m: 234270166
>>> Begin -----------------------------
>>> Input_file /data/datasets/graphs/orkut/com-orkut.ungraph.base.10000.adj
>>> Batch_file /data/datasets/graphs/orkut/com-orkut.ungraph.dynamic.10000.el
>>> Batch_num 10
>>> Batch_size 10000
>>> Alg BFS 
>>> Res: 
0.000561 0.008664
0.000640 0.005066
0.000565 0.004925
0.000538 0.004881
0.000587 0.004847
0.000571 0.004882
0.000605 0.004911
0.000570 0.004845
0.000560 0.005443
0.000579 0.005841
>>> Alg PageRank 
>>> Res: 
0.000595 0.235804
0.000587 0.227537
0.000619 0.226395
0.000571 0.226311
0.000595 0.228267
0.000597 0.223452
0.000609 0.232212
0.000572 0.225136
0.000600 0.231715
0.000612 0.221996
>>> Alg LabelPropagation 
>>> Res: 
0.000580 0.038295
0.000520 0.037091
0.000573 0.037210
0.000526 0.037445
0.000556 0.037523
0.000555 0.037360
0.000563 0.037785
0.000529 0.037840
0.000538 0.037175
0.000543 0.037318
>>> Alg wBFS_unweighted 
>>> Res: 
0.000581 3.895980
0.000575 3.902845
0.001283 3.924970
0.000708 4.023011
0.001383 3.924795
0.000912 3.905577
0.000975 4.038157
0.001293 3.975888
0.000928 3.916571
0.000780 3.925720
>>> End -----------------------------
--- scripts:  program finish, took 171
--- scripts:  Running run_pcsr on cit-Patents (prefix: cit-Patents) with batch size 10000 and algorithm all
### Graph: /data/datasets/graphs/cit-Patents/cit-Patents.base.10000.adj
### GRAPH API ###
n is suppoted as a function
m is stored
the graph is symmetric
degree is supported
supports basic map
parallel_map_neighbors is supported
map_neighbors_early_exit is supported
parallel_map_neighbors_early_exit is supported
supports insert_batch
total bytes used = 286216696
### Threads: 128
### n: 6009555
### m: 32937895
>>> Begin -----------------------------
>>> Input_file /data/datasets/graphs/cit-Patents/cit-Patents.base.10000.adj
>>> Batch_file /data/datasets/graphs/cit-Patents/cit-Patents.dynamic.10000.el
>>> Batch_num 10
>>> Batch_size 10000
>>> Alg BFS 
>>> Res: 
0.000552 0.009372
0.000599 0.008867
0.000620 0.010264
0.000605 0.008433
0.000600 0.008383
0.000590 0.008395
0.000606 0.008366
0.000609 0.008327
0.000627 0.008389
0.000612 0.008342
>>> Alg PageRank 
>>> Res: 
0.000572 0.158893
0.000657 0.151338
0.000659 0.149351
0.000632 0.149537
0.000618 0.151390
0.000599 0.149107
0.000595 0.163001
0.000592 0.152554
0.000601 0.149883
0.000589 0.141826
>>> Alg LabelPropagation 
>>> Res: 
0.000558 0.025661
0.000603 0.023822
0.000591 0.024009
0.000593 0.023928
0.000589 0.024232
0.000577 0.023947
0.000579 0.024042
0.000577 0.026113
0.000595 0.023296
0.000578 0.023307
>>> Alg wBFS_unweighted 
>>> Res: 
0.000549 5.515234
0.000615 5.529875
0.000597 5.545120
0.000927 5.541997
0.000587 5.539440
0.000579 5.551112
0.000574 5.546027
0.000579 5.550641
0.000610 5.533684
0.000583 5.528560
>>> End -----------------------------
--- scripts:  program finish, took 236
--- scripts:  Running run_pcsr on twitter-unique-undir (prefix: twitter) with batch size 10000 and algorithm all
### Graph: /data/datasets/graphs/twitter/twitter-unique-undir.base.10000.adj
### GRAPH API ###
n is suppoted as a function
m is stored
the graph is symmetric
degree is supported
supports basic map
parallel_map_neighbors is supported
map_neighbors_early_exit is supported
parallel_map_neighbors_early_exit is supported
supports insert_batch
total bytes used = 14557287400
### Threads: 128
### n: 41652231
### m: 2430398283
>>> Begin -----------------------------
>>> Input_file /data/datasets/graphs/twitter/twitter-unique-undir.base.10000.adj
>>> Batch_file /data/datasets/graphs/twitter/twitter-unique-undir.dynamic.10000.el
>>> Batch_num 10
>>> Batch_size 10000
>>> Alg BFS 
>>> Res: 
0.000602 0.037306
0.000722 0.040104
0.000642 0.036989
0.000632 0.037212
0.000648 0.037720
0.000676 0.037167
0.000673 0.037640
0.000682 0.038322
0.000672 0.037451
0.000749 0.038082
>>> Alg PageRank 
>>> Res: 
0.000667 10.726795
0.000637 9.999702
0.000610 11.534679
0.000577 13.197994
0.000726 12.776975
0.001024 11.402572
0.000827 11.036088
0.000823 11.015311
0.000685 9.803890
0.000709 9.771713
>>> Alg LabelPropagation 
>>> Res: 
0.000690 0.996655
0.000767 1.000067
0.000737 1.011102
0.000739 1.006999
0.000722 1.003788
0.000732 1.019136
0.000737 1.003386
0.000724 0.987313
0.000716 1.015444
0.000734 1.013133
>>> Alg wBFS_unweighted 
>>> Res: 
0.000669 32.366166
0.000704 33.270585
0.000671 37.434487
0.000647 37.090200
0.000666 37.140079
0.000698 36.777259
0.001573 36.911970
0.000798 37.187888
0.000770 35.956047
0.000744 36.123404
>>> End -----------------------------
--- scripts:  program finish, took 1955
--- scripts:  Running run_pcsr on soc-LiveJournal1 (prefix: live-journal) with batch size 100000 and algorithm all
### Graph: /data/datasets/graphs/live-journal/soc-LiveJournal1.base.100000.adj
### GRAPH API ###
n is suppoted as a function
m is stored
the graph is symmetric
degree is supported
supports basic map
parallel_map_neighbors is supported
map_neighbors_early_exit is supported
parallel_map_neighbors_early_exit is supported
supports insert_batch
total bytes used = 501978680
### Threads: 128
### n: 4847571
### m: 85220856
>>> Begin -----------------------------
>>> Input_file /data/datasets/graphs/live-journal/soc-LiveJournal1.base.100000.adj
>>> Batch_file /data/datasets/graphs/live-journal/soc-LiveJournal1.dynamic.100000.el
>>> Batch_num 10
>>> Batch_size 100000
>>> Alg BFS 
>>> Res: 
0.001364 0.006163
0.001265 0.006185
0.001292 0.006045
0.001269 0.006014
0.001285 0.008339
0.001879 0.006069
0.001327 0.006081
0.001303 0.006068
0.001314 0.006044
0.001290 0.006095
>>> Alg PageRank 
>>> Res: 
0.002095 0.164608
0.001481 0.150087
0.001340 0.153569
0.001311 0.151999
0.001302 0.151158
0.001270 0.149732
0.001279 0.153131
0.001304 0.152008
0.001464 0.149900
0.001434 0.157060
>>> Alg LabelPropagation 
>>> Res: 
0.001286 0.022938
0.001226 0.023134
0.001288 0.023204
0.001257 0.023750
0.001238 0.023106
0.001230 0.023272
0.001240 0.022872
0.001257 0.023274
0.001279 0.024022
0.001261 0.022845
>>> Alg wBFS_unweighted 
>>> Res: 
0.001304 5.596897
0.001211 5.509984
0.001165 5.541368
0.001152 5.498343
0.001129 5.490654
0.001125 5.501767
0.001150 5.511833
0.001156 5.523325
0.001262 5.623357
0.001169 5.598187
>>> End -----------------------------
--- scripts:  program finish, took 236
--- scripts:  Running run_pcsr on com-orkut.ungraph (prefix: orkut) with batch size 100000 and algorithm all
### Graph: /data/datasets/graphs/orkut/com-orkut.ungraph.base.100000.adj
### GRAPH API ###
n is suppoted as a function
m is stored
the graph is symmetric
degree is supported
supports basic map
parallel_map_neighbors is supported
map_neighbors_early_exit is supported
parallel_map_neighbors_early_exit is supported
supports insert_batch
total bytes used = 1366328600
### Threads: 128
### n: 3072627
### m: 233370166
>>> Begin -----------------------------
>>> Input_file /data/datasets/graphs/orkut/com-orkut.ungraph.base.100000.adj
>>> Batch_file /data/datasets/graphs/orkut/com-orkut.ungraph.dynamic.100000.el
>>> Batch_num 10
>>> Batch_size 100000
>>> Alg BFS 
>>> Res: 
0.001396 0.007577
0.003504 0.005501
0.001482 0.005759
0.001546 0.005810
0.001440 0.006140
0.001364 0.005647
0.002119 0.005631
0.001703 0.005671
0.001365 0.005923
0.002239 0.005318
>>> Alg PageRank 
>>> Res: 
0.001312 0.233691
0.001650 0.227918
0.001419 0.230765
0.001586 0.234202
0.001452 0.227771
0.001383 0.230435
0.001467 0.233457
0.003512 0.228209
0.001491 0.229509
0.001440 0.212278
>>> Alg LabelPropagation 
>>> Res: 
0.001343 0.038993
0.001273 0.039373
0.001249 0.041163
0.001275 0.038939
0.001279 0.039037
0.001236 0.040633
0.001276 0.039696
0.001243 0.038925
0.001270 0.040117
0.001265 0.039506
>>> Alg wBFS_unweighted 
>>> Res: 
0.001315 3.800150
0.001212 3.806274
0.001288 3.770001
0.001200 3.763091
0.001202 3.768570
0.001164 3.772625
0.001186 3.776694
0.001189 3.775228
0.001206 3.752623
0.001210 3.751972
>>> End -----------------------------
--- scripts:  program finish, took 166
--- scripts:  Running run_pcsr on cit-Patents (prefix: cit-Patents) with batch size 100000 and algorithm all
### Graph: /data/datasets/graphs/cit-Patents/cit-Patents.base.100000.adj
### GRAPH API ###
n is suppoted as a function
m is stored
the graph is symmetric
degree is supported
supports basic map
parallel_map_neighbors is supported
map_neighbors_early_exit is supported
parallel_map_neighbors_early_exit is supported
supports insert_batch
total bytes used = 286216696
### Threads: 128
### n: 6009555
### m: 32037895
>>> Begin -----------------------------
>>> Input_file /data/datasets/graphs/cit-Patents/cit-Patents.base.100000.adj
>>> Batch_file /data/datasets/graphs/cit-Patents/cit-Patents.dynamic.100000.el
>>> Batch_num 10
>>> Batch_size 100000
>>> Alg BFS 
>>> Res: 
0.001809 0.008940
0.001358 0.008595
0.001373 0.009765
0.001364 0.008774
0.001368 0.008500
0.001354 0.009005
0.001421 0.008879
0.001358 0.009475
0.001348 0.009446
0.001351 0.008748
>>> Alg PageRank 
>>> Res: 
0.002447 0.165193
0.001604 0.163016
0.001299 0.162068
0.001289 0.157072
0.001348 0.156096
0.001279 0.157153
0.001336 0.156192
0.001298 0.153448
0.001311 0.154750
0.001281 0.143449
>>> Alg LabelPropagation 
>>> Res: 
0.001386 0.027480
0.001259 0.025622
0.001260 0.026230
0.001248 0.025493
0.001341 0.027477
0.001234 0.025746
0.001289 0.026285
0.001280 0.025971
0.001356 0.025750
0.001263 0.025266
>>> Alg wBFS_unweighted 
>>> Res: 
0.001747 5.570080
0.001194 5.553661
0.001245 5.563639
0.001236 5.544602
0.001212 5.573336
0.001205 5.550108
0.001278 5.537633
0.001227 5.542483
0.001251 5.541250
0.001239 5.514194
>>> End -----------------------------
--- scripts:  program finish, took 239
--- scripts:  Running run_pcsr on twitter-unique-undir (prefix: twitter) with batch size 100000 and algorithm all
### Graph: /data/datasets/graphs/twitter/twitter-unique-undir.base.100000.adj
### GRAPH API ###
n is suppoted as a function
m is stored
the graph is symmetric
degree is supported
supports basic map
parallel_map_neighbors is supported
map_neighbors_early_exit is supported
parallel_map_neighbors_early_exit is supported
supports insert_batch
total bytes used = 14557287400
### Threads: 128
### n: 41652231
### m: 2429498283
>>> Begin -----------------------------
>>> Input_file /data/datasets/graphs/twitter/twitter-unique-undir.base.100000.adj
>>> Batch_file /data/datasets/graphs/twitter/twitter-unique-undir.dynamic.100000.el
>>> Batch_num 10
>>> Batch_size 100000
>>> Alg BFS 
>>> Res: 
0.002557 0.038133
0.001801 0.037885
0.001815 0.039559
0.001816 0.036317
0.001812 0.037800
0.001791 0.037001
0.001814 0.036728
0.003203 0.036825
0.001850 0.038332
0.001772 0.038227
>>> Alg PageRank 
>>> Res: 
0.001756 8.278059
0.003532 8.142746
0.002126 8.010486
0.003182 8.779318
0.004449 7.332964
0.004135 7.142760
0.003002 7.001962
0.002208 6.920043
0.002142 6.911733
0.001958 6.916715
>>> Alg LabelPropagation 
>>> Res: 
0.002086 0.937833
0.002228 0.928409
0.002222 0.929623
0.002603 0.955063
0.002247 0.910169
0.002200 0.914473
0.002214 0.910672
0.002187 0.943704
0.002229 0.950132
0.002217 0.923341
>>> Alg wBFS_unweighted 
>>> Res: 
0.002125 34.346955
0.002752 38.340775
0.003085 38.948289
0.003879 38.360534
0.002971 37.482811
0.003715 38.160910
0.003926 38.277586
0.003506 37.759760
0.002921 38.010176
0.002960 38.136758
>>> End -----------------------------
--- scripts:  program finish, took 1875
--- scripts:  Running run_pcsr on soc-LiveJournal1 (prefix: live-journal) with batch size 1000000 and algorithm all
### Graph: /data/datasets/graphs/live-journal/soc-LiveJournal1.base.1000000.adj
### GRAPH API ###
n is suppoted as a function
m is stored
the graph is symmetric
degree is supported
supports basic map
parallel_map_neighbors is supported
map_neighbors_early_exit is supported
parallel_map_neighbors_early_exit is supported
supports insert_batch
total bytes used = 501978680
### Threads: 128
### n: 4847571
### m: 76220856
>>> Begin -----------------------------
>>> Input_file /data/datasets/graphs/live-journal/soc-LiveJournal1.base.1000000.adj
>>> Batch_file /data/datasets/graphs/live-journal/soc-LiveJournal1.dynamic.1000000.el
>>> Batch_num 10
>>> Batch_size 1000000
>>> Alg BFS 
>>> Res: 
0.010808 0.009225
0.008827 0.009362
0.008841 0.009726
0.008980 0.008990
0.008708 0.008720
0.009071 0.009625
0.009152 0.008807
0.009730 0.009052
0.010246 0.008755
0.011418 0.008720
>>> Alg PageRank 
>>> Res: 
0.008744 0.227809
0.008684 0.233099
0.008676 0.228178
0.008668 0.232890
0.012127 0.230239
0.008787 0.233971
0.009266 0.232923
0.009565 0.233271
0.011537 0.230248
0.011473 0.230926
>>> Alg LabelPropagation 
>>> Res: 
0.012580 0.029798
0.008708 0.028946
0.008961 0.028474
0.008673 0.028824
0.008672 0.029229
0.008718 0.028872
0.008900 0.028781
0.009470 0.029548
0.010217 0.028583
0.011426 0.029031
>>> Alg wBFS_unweighted 
>>> Res: 
0.009282 5.877197
0.007990 5.879495
0.008169 5.901192
0.008056 5.869560
0.007875 5.838747
0.007994 5.847923
0.008096 5.863300
0.008536 5.831893
0.009272 5.819057
0.010482 5.806233
>>> End -----------------------------
--- scripts:  program finish, took 257
--- scripts:  Running run_pcsr on com-orkut.ungraph (prefix: orkut) with batch size 1000000 and algorithm all
### Graph: /data/datasets/graphs/orkut/com-orkut.ungraph.base.1000000.adj
### GRAPH API ###
n is suppoted as a function
m is stored
the graph is symmetric
degree is supported
supports basic map
parallel_map_neighbors is supported
map_neighbors_early_exit is supported
parallel_map_neighbors_early_exit is supported
supports insert_batch
total bytes used = 1366328600
### Threads: 128
### n: 3072627
### m: 224370166
>>> Begin -----------------------------
>>> Input_file /data/datasets/graphs/orkut/com-orkut.ungraph.base.1000000.adj
>>> Batch_file /data/datasets/graphs/orkut/com-orkut.ungraph.dynamic.1000000.el
>>> Batch_num 10
>>> Batch_size 1000000
>>> Alg BFS 
>>> Res: 
0.010275 0.006352
0.009449 0.006326
0.009352 0.006347
0.010096 0.006268
0.009448 0.006309
0.009360 0.006291
0.009481 0.006302
0.009484 0.006276
0.009514 0.006299
0.009513 0.005896
>>> Alg PageRank 
>>> Res: 
0.008720 0.238337
0.008422 0.237452
0.008349 0.246416
0.008709 0.243865
0.008443 0.245022
0.008747 0.239959
0.008296 0.242743
0.009204 0.237973
0.008473 0.238109
0.008399 0.198170
>>> Alg LabelPropagation 
>>> Res: 
0.008223 0.037412
0.008101 0.036908
0.008147 0.037761
0.008778 0.037823
0.008244 0.039008
0.008019 0.037032
0.008049 0.036534
0.008075 0.036321
0.008157 0.037119
0.008098 0.036624
>>> Alg wBFS_unweighted 
>>> Res: 
0.008261 3.982382
0.008006 3.981630
0.007935 3.964212
0.007913 4.001406
0.008651 3.979031
0.007969 4.110389
0.008070 4.243667
0.008000 4.252157
0.007999 4.203534
0.008036 4.219315
>>> End -----------------------------
--- scripts:  program finish, took 187
--- scripts:  Running run_pcsr on cit-Patents (prefix: cit-Patents) with batch size 1000000 and algorithm all
### Graph: /data/datasets/graphs/cit-Patents/cit-Patents.base.1000000.adj
### GRAPH API ###
n is suppoted as a function
m is stored
the graph is symmetric
degree is supported
supports basic map
parallel_map_neighbors is supported
map_neighbors_early_exit is supported
parallel_map_neighbors_early_exit is supported
supports insert_batch
total bytes used = 221437272
### Threads: 128
### n: 6009555
### m: 23037895
>>> Begin -----------------------------
>>> Input_file /data/datasets/graphs/cit-Patents/cit-Patents.base.1000000.adj
>>> Batch_file /data/datasets/graphs/cit-Patents/cit-Patents.dynamic.1000000.el
>>> Batch_num 10
>>> Batch_size 1000000
>>> Alg BFS 
>>> Res: 
0.006624 0.010171
0.007958 0.011360
0.021989 0.009407
0.007767 0.011646
0.007457 0.010379
0.007562 0.010620
0.008791 0.009638
0.013334 0.009548
0.023631 0.008962
0.007650 0.011374
>>> Alg PageRank 
>>> Res: 
0.007269 0.144378
0.007850 0.142669
0.019408 0.144939
0.007013 0.148290
0.006980 0.149772
0.007224 0.146600
0.008278 0.146602
0.013461 0.147504
0.025334 0.157232
0.007270 0.140659
>>> Alg LabelPropagation 
>>> Res: 
0.007072 0.022645
0.009295 0.024049
0.020762 0.023021
0.007511 0.022498
0.007012 0.022394
0.007216 0.022674
0.008379 0.022423
0.011985 0.022625
0.023660 0.024837
0.007246 0.024223
>>> Alg wBFS_unweighted 
>>> Res: 
0.006726 6.119648
0.007423 6.037254
0.018864 5.974649
0.006635 5.922127
0.006529 5.844673
0.006746 5.813209
0.007854 5.857297
0.011910 5.813302
0.024149 5.769781
0.006733 5.683086
>>> End -----------------------------
--- scripts:  program finish, took 255
--- scripts:  Running run_pcsr on twitter-unique-undir (prefix: twitter) with batch size 1000000 and algorithm all
### Graph: /data/datasets/graphs/twitter/twitter-unique-undir.base.1000000.adj
### GRAPH API ###
n is suppoted as a function
m is stored
the graph is symmetric
degree is supported
supports basic map
parallel_map_neighbors is supported
map_neighbors_early_exit is supported
parallel_map_neighbors_early_exit is supported
supports insert_batch
total bytes used = 14557287400
### Threads: 128
### n: 41652231
### m: 2420498283
>>> Begin -----------------------------
>>> Input_file /data/datasets/graphs/twitter/twitter-unique-undir.base.1000000.adj
>>> Batch_file /data/datasets/graphs/twitter/twitter-unique-undir.dynamic.1000000.el
>>> Batch_num 10
>>> Batch_size 1000000
>>> Alg BFS 
>>> Res: 
0.013082 0.039812
0.013093 0.038142
0.013095 0.039543
0.013621 0.037874
0.012861 0.041285
0.013094 0.038682
0.014674 0.040796
0.013293 0.042251
0.014956 0.040079
0.013317 0.039768
>>> Alg PageRank 
>>> Res: 
0.017785 6.838959
0.016361 6.870315
0.020227 6.623932
0.020432 6.330834
0.020605 6.746196
0.015617 6.452992
0.018351 6.441373
0.015066 6.473902
0.027092 6.241397
0.020209 6.215500
>>> Alg LabelPropagation 
>>> Res: 
0.011948 0.914134
0.011865 0.920268
0.012146 0.928432
0.012605 0.930648
0.012030 0.919960
0.012047 0.932946
0.011941 0.938469
0.012815 0.927638
0.012764 0.913511
0.012438 0.937601
>>> Alg wBFS_unweighted 
>>> Res: 
0.014593 30.328167
0.013061 30.336631
0.013929 30.195179
0.016640 30.824510
0.014810 32.058355
0.016363 32.394642
0.015606 32.038047
0.015894 32.506525
0.015501 34.792867
0.014896 36.306589
>>> End -----------------------------
--- scripts:  program finish, took 1618
