--- scripts:  Running run_ppcsr on soc-LiveJournal1 (prefix: live-journal) with batch size 1 and algorithm all
### Graph: /data/datasets/graphs/live-journal/soc-LiveJournal1.base.1.adj
convert to edge list
build from edges: edges for pma = 86220846
starting copy into PMA
### GRAPH API ###
n is suppoted as a function
m is stored
the graph is symmetric
degree is supported
supports basic map
parallel_map_neighbors is supported
map_neighbors_early_exit is supported
parallel_map_neighbors_early_exit is supported
supports insert_batch
don't have recent enough glibc to make a good guess
total bytes used = 0
### Threads: 128
### n: 4847571
### m: 86220846
>>> Begin -----------------------------
>>> Input_file /data/datasets/graphs/live-journal/soc-LiveJournal1.base.1.adj
>>> Batch_file /data/datasets/graphs/live-journal/soc-LiveJournal1.dynamic.1.el
>>> Batch_num 10
>>> Batch_size 1
>>> Alg BFS 
>>> Res: 
0.000001 0.016580
0.000002 0.015962
0.000003 0.015829
0.000003 0.015591
0.000003 0.015631
0.000002 0.015562
0.000003 0.015501
0.000003 0.015472
0.000003 0.015526
0.000002 0.015647
>>> Alg PageRank 
>>> Res: 
0.000001 0.323955
0.000002 0.319769
0.000003 0.324715
0.000003 0.316877
0.000004 0.303275
0.000004 0.303458
0.000003 0.304787
0.000010 0.306329
0.000010 0.305609
0.000003 0.299025
>>> Alg LabelPropagation 
>>> Res: 
0.000001 0.040601
0.000002 0.040209
0.000003 0.040093
0.000003 0.039622
0.000003 0.040029
0.000002 0.039462
0.000003 0.040467
0.000002 0.040150
0.000002 0.039908
0.000002 0.040131
>>> Alg wBFS_unweighted 
>>> Res: 
0.000001 5.299093
0.000003 7.341158
0.000005 5.796643
0.000005 5.254375
0.000006 5.240306
0.000004 5.249648
0.000005 5.195756
0.000005 5.317208
0.000005 5.410043
0.000005 5.256311
>>> End -----------------------------
--- scripts:  program finish, took 256
--- scripts:  Running run_ppcsr on com-orkut.ungraph (prefix: orkut) with batch size 1 and algorithm all
### Graph: /data/datasets/graphs/orkut/com-orkut.ungraph.base.1.adj
convert to edge list
build from edges: edges for pma = 234370156
starting copy into PMA
### GRAPH API ###
n is suppoted as a function
m is stored
the graph is symmetric
degree is supported
supports basic map
parallel_map_neighbors is supported
map_neighbors_early_exit is supported
parallel_map_neighbors_early_exit is supported
supports insert_batch
don't have recent enough glibc to make a good guess
total bytes used = 0
### Threads: 128
### n: 3072627
### m: 234370156
>>> Begin -----------------------------
>>> Input_file /data/datasets/graphs/orkut/com-orkut.ungraph.base.1.adj
>>> Batch_file /data/datasets/graphs/orkut/com-orkut.ungraph.dynamic.1.el
>>> Batch_num 10
>>> Batch_size 1
>>> Alg BFS 
>>> Res: 
0.000003 0.008693
0.000002 0.007091
1.411890 0.008998
0.000003 0.008889
0.000003 0.008736
0.000002 0.008691
0.000003 0.008710
0.000002 0.008740
0.000002 0.008762
0.000002 0.008669
>>> Alg PageRank 
>>> Res: 
0.000004 0.300595
0.000002 0.313375
1.223825 0.569506
0.000003 0.517790
0.000006 0.524260
0.000004 0.491812
0.000008 0.483721
0.000007 0.476724
0.000005 0.497434
0.000010 0.489084
>>> Alg LabelPropagation 
>>> Res: 
0.000036 0.051024
0.000002 0.050143
1.206774 0.058174
0.000003 0.057102
0.000003 0.056234
0.000003 0.057959
0.000003 0.056639
0.000002 0.057114
0.000002 0.057640
0.000003 0.057575
>>> Alg wBFS_unweighted 
>>> Res: 
0.000003 3.544703
0.000002 3.532941
1.727140 3.622157
0.000007 7.092018
0.000007 5.588420
0.000003 4.584316
0.000006 3.581151
0.000007 3.682916
0.000007 3.599334
0.000006 3.617435
>>> End -----------------------------
--- scripts:  program finish, took 230
--- scripts:  Running run_ppcsr on cit-Patents (prefix: cit-Patents) with batch size 1 and algorithm all
### Graph: /data/datasets/graphs/cit-Patents/cit-Patents.base.1.adj
convert to edge list
build from edges: edges for pma = 33037885
starting copy into PMA
### GRAPH API ###
n is suppoted as a function
m is stored
the graph is symmetric
degree is supported
supports basic map
parallel_map_neighbors is supported
map_neighbors_early_exit is supported
parallel_map_neighbors_early_exit is supported
supports insert_batch
don't have recent enough glibc to make a good guess
total bytes used = 0
### Threads: 128
### n: 6009555
### m: 33037885
>>> Begin -----------------------------
>>> Input_file /data/datasets/graphs/cit-Patents/cit-Patents.base.1.adj
>>> Batch_file /data/datasets/graphs/cit-Patents/cit-Patents.dynamic.1.el
>>> Batch_num 10
>>> Batch_size 1
>>> Alg BFS 
>>> Res: 
0.000001 0.019156
0.000002 0.018052
0.000002 0.017863
0.000002 0.017852
0.000003 0.018224
0.000002 0.018634
0.000002 0.019692
0.000003 0.018807
0.000003 0.018167
0.000003 0.018209
>>> Alg PageRank 
>>> Res: 
0.000002 0.250345
0.000003 0.235306
0.000002 0.255374
0.000002 0.252698
0.000003 0.241580
0.000002 0.254438
0.000003 0.237463
0.000004 0.224879
0.000003 0.245327
0.000009 0.240581
>>> Alg LabelPropagation 
>>> Res: 
0.000001 0.038489
0.000002 0.036629
0.000002 0.036725
0.000002 0.036776
0.000003 0.036892
0.000002 0.037943
0.000002 0.036880
0.000002 0.036492
0.000002 0.036324
0.000003 0.036568
>>> Alg wBFS_unweighted 
>>> Res: 
0.000001 5.528867
0.000002 5.436385
0.000002 5.459594
0.000002 5.558961
0.000010 5.598345
0.000010 5.536239
0.000010 5.597898
0.000012 5.859098
0.000007 5.424052
0.000010 5.407070
>>> End -----------------------------
--- scripts:  program finish, took 257
--- scripts:  Running run_ppcsr on twitter-unique-undir (prefix: twitter) with batch size 1 and algorithm all
### Graph: /data/datasets/graphs/twitter/twitter-unique-undir.base.1.adj
convert to edge list
build from edges: edges for pma = 2430498273
starting copy into PMA
### GRAPH API ###
n is suppoted as a function
m is stored
the graph is symmetric
degree is supported
supports basic map
parallel_map_neighbors is supported
map_neighbors_early_exit is supported
parallel_map_neighbors_early_exit is supported
supports insert_batch
don't have recent enough glibc to make a good guess
total bytes used = 0
### Threads: 128
### n: 41652231
### m: 2430498273
>>> Begin -----------------------------
>>> Input_file /data/datasets/graphs/twitter/twitter-unique-undir.base.1.adj
>>> Batch_file /data/datasets/graphs/twitter/twitter-unique-undir.dynamic.1.el
>>> Batch_num 10
>>> Batch_size 1
>>> Alg BFS 
>>> Res: 
0.000001 0.104703
0.000004 0.103724
0.000003 0.105145
0.000003 0.104610
0.000003 0.104562
0.000003 0.106798
0.000003 0.104273
0.000003 0.103865
0.000005 0.104403
0.000004 0.103666
>>> Alg PageRank 
>>> Res: 
0.000001 13.260626
0.000004 12.882818
0.000005 12.549750
0.000004 12.134639
0.000004 12.027136
0.000005 13.610473
0.000006 12.107082
0.000007 11.536390
0.000007 11.483479
0.000006 11.466509
>>> Alg LabelPropagation 
>>> Res: 
0.000001 1.135442
0.000003 1.132491
0.000003 1.134234
0.000003 1.150595
0.000003 1.139408
0.000003 1.156110
0.000003 1.139765
0.000003 1.141221
0.000004 1.133107
0.000003 1.131141
>>> Alg wBFS_unweighted 
>>> Res: 
0.000001 30.330847
0.000004 31.468562
0.000004 31.974449
0.000003 32.474350
0.000003 31.806611
0.000007 29.631386
0.000003 29.650283
0.000006 29.282020
0.000007 33.166516
0.000006 31.141495
>>> End -----------------------------
--- scripts:  program finish, took 2045
--- scripts:  Running run_ppcsr on soc-LiveJournal1 (prefix: live-journal) with batch size 10 and algorithm all
### Graph: /data/datasets/graphs/live-journal/soc-LiveJournal1.base.10.adj
convert to edge list
build from edges: edges for pma = 86220756
starting copy into PMA
### GRAPH API ###
n is suppoted as a function
m is stored
the graph is symmetric
degree is supported
supports basic map
parallel_map_neighbors is supported
map_neighbors_early_exit is supported
parallel_map_neighbors_early_exit is supported
supports insert_batch
don't have recent enough glibc to make a good guess
total bytes used = 0
### Threads: 128
### n: 4847571
### m: 86220756
>>> Begin -----------------------------
>>> Input_file /data/datasets/graphs/live-journal/soc-LiveJournal1.base.10.adj
>>> Batch_file /data/datasets/graphs/live-journal/soc-LiveJournal1.dynamic.10.el
>>> Batch_num 10
>>> Batch_size 10
>>> Alg BFS 
>>> Res: 
0.000008 0.020513
0.000010 0.015668
0.000010 0.015901
0.000009 0.015603
0.000008 0.014422
0.000008 0.015469
0.000009 0.015343
0.000009 0.013917
0.000008 0.013943
0.000011 0.015026
>>> Alg PageRank 
>>> Res: 
0.000008 0.242263
0.000010 0.256158
0.000011 0.257253
0.000010 0.255016
0.000011 0.262583
0.000013 0.254686
0.000012 0.252710
0.000010 0.261084
0.000014 0.262446
0.000044 0.249853
>>> Alg LabelPropagation 
>>> Res: 
0.000009 0.037319
0.000011 0.036886
0.000012 0.039248
0.000011 0.040555
0.000014 0.039735
0.000013 0.038246
0.000013 0.038044
0.000013 0.039369
0.000015 0.037864
0.000017 0.040903
>>> Alg wBFS_unweighted 
>>> Res: 
0.000009 5.103981
0.000011 4.968582
0.000011 4.999360
0.000021 5.028972
0.000022 4.962688
0.000039 5.230003
0.000023 4.995607
0.000025 5.103777
0.000025 5.020774
0.000026 4.980123
>>> End -----------------------------
--- scripts:  program finish, took 235
--- scripts:  Running run_ppcsr on com-orkut.ungraph (prefix: orkut) with batch size 10 and algorithm all
### Graph: /data/datasets/graphs/orkut/com-orkut.ungraph.base.10.adj
convert to edge list
build from edges: edges for pma = 234370066
starting copy into PMA
### GRAPH API ###
n is suppoted as a function
m is stored
the graph is symmetric
degree is supported
supports basic map
parallel_map_neighbors is supported
map_neighbors_early_exit is supported
parallel_map_neighbors_early_exit is supported
supports insert_batch
don't have recent enough glibc to make a good guess
total bytes used = 0
### Threads: 128
### n: 3072627
### m: 234370066
>>> Begin -----------------------------
>>> Input_file /data/datasets/graphs/orkut/com-orkut.ungraph.base.10.adj
>>> Batch_file /data/datasets/graphs/orkut/com-orkut.ungraph.dynamic.10.el
>>> Batch_num 10
>>> Batch_size 10
>>> Alg BFS 
>>> Res: 
2.525660 0.008424
0.000009 0.007311
0.000008 0.007153
0.000008 0.007093
0.000007 0.007527
0.000009 0.006995
0.000008 0.007089
0.000008 0.007010
0.000009 0.007018
0.000008 0.006970
>>> Alg PageRank 
>>> Res: 
2.357535 0.463829
0.000011 0.500708
0.000010 0.494094
0.000011 0.496555
0.000011 0.528913
0.000010 0.496820
0.000014 0.515744
0.000010 0.530561
0.000010 0.518738
0.000012 0.493776
>>> Alg LabelPropagation 
>>> Res: 
2.414909 0.064186
0.000011 0.062808
0.000010 0.062938
0.000010 0.063389
0.000010 0.061855
0.000012 0.063069
0.000011 0.062108
0.000010 0.062725
0.000010 0.063504
0.000010 0.062678
>>> Alg wBFS_unweighted 
>>> Res: 
2.377974 3.633303
0.000012 3.589778
0.000015 3.545449
0.000013 3.583807
0.000012 4.580209
0.000021 3.927536
0.000026 5.557031
0.000022 3.529813
0.000035 3.543985
0.000037 7.107089
>>> End -----------------------------
--- scripts:  program finish, took 252
--- scripts:  Running run_ppcsr on cit-Patents (prefix: cit-Patents) with batch size 10 and algorithm all
### Graph: /data/datasets/graphs/cit-Patents/cit-Patents.base.10.adj
convert to edge list
build from edges: edges for pma = 33037795
starting copy into PMA
### GRAPH API ###
n is suppoted as a function
m is stored
the graph is symmetric
degree is supported
supports basic map
parallel_map_neighbors is supported
map_neighbors_early_exit is supported
parallel_map_neighbors_early_exit is supported
supports insert_batch
don't have recent enough glibc to make a good guess
total bytes used = 0
### Threads: 128
### n: 6009555
### m: 33037795
>>> Begin -----------------------------
>>> Input_file /data/datasets/graphs/cit-Patents/cit-Patents.base.10.adj
>>> Batch_file /data/datasets/graphs/cit-Patents/cit-Patents.dynamic.10.el
>>> Batch_num 10
>>> Batch_size 10
>>> Alg BFS 
>>> Res: 
0.000008 0.019280
0.000011 0.018056
0.000009 0.018004
0.000010 0.018017
0.000009 0.018068
0.000010 0.018164
0.000009 0.018072
0.000009 0.018058
0.000009 0.018106
0.000010 0.018049
>>> Alg PageRank 
>>> Res: 
0.000007 0.318210
0.000016 0.295910
0.000010 0.301679
0.000011 0.304485
0.000010 0.310842
0.000011 0.321813
0.000010 0.313673
0.000010 0.313519
0.000010 0.315199
0.000011 0.317928
>>> Alg LabelPropagation 
>>> Res: 
0.000007 0.052198
0.000010 0.054636
0.000010 0.053283
0.000011 0.054222
0.000010 0.053541
0.000010 0.054566
0.000011 0.053413
0.000010 0.052826
0.000010 0.053047
0.000010 0.052184
>>> Alg wBFS_unweighted 
>>> Res: 
0.000007 5.290445
0.000011 5.293795
0.000018 5.172690
0.000022 5.290188
0.000014 5.125379
0.000018 5.328355
0.000022 5.049149
0.000023 5.255720
0.000029 5.081372
0.000030 5.190225
>>> End -----------------------------
--- scripts:  program finish, took 246
--- scripts:  Running run_ppcsr on twitter-unique-undir (prefix: twitter) with batch size 10 and algorithm all
### Graph: /data/datasets/graphs/twitter/twitter-unique-undir.base.10.adj
convert to edge list
build from edges: edges for pma = 2430498183
starting copy into PMA
### GRAPH API ###
n is suppoted as a function
m is stored
the graph is symmetric
degree is supported
supports basic map
parallel_map_neighbors is supported
map_neighbors_early_exit is supported
parallel_map_neighbors_early_exit is supported
supports insert_batch
don't have recent enough glibc to make a good guess
total bytes used = 0
### Threads: 128
### n: 41652231
### m: 2430498183
>>> Begin -----------------------------
>>> Input_file /data/datasets/graphs/twitter/twitter-unique-undir.base.10.adj
>>> Batch_file /data/datasets/graphs/twitter/twitter-unique-undir.dynamic.10.el
>>> Batch_num 10
>>> Batch_size 10
>>> Alg BFS 
>>> Res: 
0.000009 0.102048
0.000010 0.096600
0.000011 0.097169
0.000010 0.097153
0.000010 0.096949
0.000011 0.096181
0.000009 0.096787
0.000010 0.096976
0.000012 0.096000
0.000011 0.096808
>>> Alg PageRank 
>>> Res: 
0.000007 12.545144
0.000022 12.252847
0.000030 11.939016
0.000021 12.371080
0.000022 11.882432
0.000028 10.615444
0.000030 10.546055
0.000067 10.558163
0.000055 10.405490
0.000026 10.188428
>>> Alg LabelPropagation 
>>> Res: 
0.000008 0.989966
0.000012 1.001190
0.000011 1.008187
0.000010 0.999271
0.000010 0.999435
0.000012 0.987901
0.000012 0.997955
0.000011 1.000315
0.000011 1.001182
0.000011 1.004568
>>> Alg wBFS_unweighted 
>>> Res: 
0.000007 26.496659
0.000011 25.007180
0.000014 24.567476
0.000022 24.614986
0.000015 25.564245
0.000014 24.391008
0.000017 24.674996
0.000017 25.535421
0.000025 28.988359
0.000022 28.241351
>>> End -----------------------------
--- scripts:  program finish, took 1782
--- scripts:  Running run_ppcsr on soc-LiveJournal1 (prefix: live-journal) with batch size 100 and algorithm all
### Graph: /data/datasets/graphs/live-journal/soc-LiveJournal1.base.100.adj
convert to edge list
build from edges: edges for pma = 86219856
starting copy into PMA
### GRAPH API ###
n is suppoted as a function
m is stored
the graph is symmetric
degree is supported
supports basic map
parallel_map_neighbors is supported
map_neighbors_early_exit is supported
parallel_map_neighbors_early_exit is supported
supports insert_batch
don't have recent enough glibc to make a good guess
total bytes used = 0
### Threads: 128
### n: 4847571
### m: 86219856
>>> Begin -----------------------------
>>> Input_file /data/datasets/graphs/live-journal/soc-LiveJournal1.base.100.adj
>>> Batch_file /data/datasets/graphs/live-journal/soc-LiveJournal1.dynamic.100.el
>>> Batch_num 10
>>> Batch_size 100
>>> Alg BFS 
>>> Res: 
0.000025 0.017464
0.000013 0.016543
0.000013 0.016341
0.000013 0.016395
0.000013 0.016518
0.000014 0.016336
0.000013 0.016467
0.000013 0.016278
0.000014 0.016305
0.000014 0.016464
>>> Alg PageRank 
>>> Res: 
0.000040 0.297639
0.000023 0.289741
0.000037 0.283107
0.000046 0.280026
0.000053 0.283576
0.000056 0.277657
0.000044 0.279642
0.000047 0.280054
0.000042 0.273865
0.000044 0.274081
>>> Alg LabelPropagation 
>>> Res: 
0.000053 0.036570
0.000014 0.036480
0.000014 0.036280
0.000014 0.036626
0.000014 0.036353
0.000014 0.036297
0.000013 0.037113
0.000013 0.036718
0.000015 0.036490
0.000014 0.036827
>>> Alg wBFS_unweighted 
>>> Res: 
0.000013 5.211651
0.000027 5.348598
0.000047 5.195231
0.000027 5.307687
0.000024 5.328724
0.000029 5.226275
0.000030 5.409035
0.000409 5.502325
0.000449 5.223246
0.000049 5.182542
>>> End -----------------------------
--- scripts:  program finish, took 245
--- scripts:  Running run_ppcsr on com-orkut.ungraph (prefix: orkut) with batch size 100 and algorithm all
### Graph: /data/datasets/graphs/orkut/com-orkut.ungraph.base.100.adj
convert to edge list
build from edges: edges for pma = 234369166
starting copy into PMA
### GRAPH API ###
n is suppoted as a function
m is stored
the graph is symmetric
degree is supported
supports basic map
parallel_map_neighbors is supported
map_neighbors_early_exit is supported
parallel_map_neighbors_early_exit is supported
supports insert_batch
don't have recent enough glibc to make a good guess
total bytes used = 0
### Threads: 128
### n: 3072627
### m: 234369166
>>> Begin -----------------------------
>>> Input_file /data/datasets/graphs/orkut/com-orkut.ungraph.base.100.adj
>>> Batch_file /data/datasets/graphs/orkut/com-orkut.ungraph.dynamic.100.el
>>> Batch_num 10
>>> Batch_size 100
>>> Alg BFS 
>>> Res: 
2.035945 0.009003
0.000015 0.007846
0.000012 0.007826
0.000012 0.007716
0.000012 0.007841
0.000012 0.007814
0.000012 0.007777
0.000012 0.007749
0.000012 0.007865
0.000012 0.007769
>>> Alg PageRank 
>>> Res: 
2.058564 0.477290
0.000015 0.487788
0.000014 0.513174
0.000014 0.550607
0.000013 0.548101
0.000015 0.525782
0.000014 0.553602
0.000013 0.559091
0.000013 0.526631
0.000013 0.517145
>>> Alg LabelPropagation 
>>> Res: 
1.778642 0.068627
0.000017 0.066705
0.000014 0.067562
0.000013 0.067692
0.000015 0.067134
0.000014 0.066796
0.000014 0.067397
0.000014 0.066788
0.000014 0.067436
0.000013 0.067054
>>> Alg wBFS_unweighted 
>>> Res: 
2.541892 3.744514
0.000015 3.644510
0.000015 3.638366
0.000015 3.640397
0.000038 3.644765
0.000108 3.918775
0.000021 3.741005
0.000124 3.784815
0.000147 4.497383
0.000025 4.222007
>>> End -----------------------------
--- scripts:  program finish, took 230
--- scripts:  Running run_ppcsr on cit-Patents (prefix: cit-Patents) with batch size 100 and algorithm all
### Graph: /data/datasets/graphs/cit-Patents/cit-Patents.base.100.adj
convert to edge list
build from edges: edges for pma = 33036895
starting copy into PMA
### GRAPH API ###
n is suppoted as a function
m is stored
the graph is symmetric
degree is supported
supports basic map
parallel_map_neighbors is supported
map_neighbors_early_exit is supported
parallel_map_neighbors_early_exit is supported
supports insert_batch
don't have recent enough glibc to make a good guess
total bytes used = 0
### Threads: 128
### n: 6009555
### m: 33036895
>>> Begin -----------------------------
>>> Input_file /data/datasets/graphs/cit-Patents/cit-Patents.base.100.adj
>>> Batch_file /data/datasets/graphs/cit-Patents/cit-Patents.dynamic.100.el
>>> Batch_num 10
>>> Batch_size 100
>>> Alg BFS 
>>> Res: 
0.000013 0.020318
0.000029 0.016974
0.000035 0.016895
0.000034 0.018537
0.000357 0.018727
0.000044 0.018483
0.000044 0.021111
0.000047 0.018871
0.000047 0.019378
0.000047 0.018211
>>> Alg PageRank 
>>> Res: 
0.000012 0.265886
0.000015 0.254753
0.000022 0.253529
0.000015 0.251916
0.000017 0.262887
0.000018 0.250928
0.000018 0.250524
0.000017 0.246254
0.000018 0.268487
0.000018 0.249331
>>> Alg LabelPropagation 
>>> Res: 
0.000012 0.037403
0.000014 0.037174
0.000014 0.037398
0.000015 0.036740
0.000014 0.037858
0.000013 0.038499
0.000014 0.037743
0.000014 0.038104
0.000014 0.037620
0.000014 0.036989
>>> Alg wBFS_unweighted 
>>> Res: 
0.000023 5.511361
0.000019 5.510036
0.000019 5.521048
0.000429 5.693375
0.000051 5.627608
0.000024 5.711154
0.000044 5.652029
0.000041 5.752124
0.000040 5.790050
0.000764 5.645071
>>> End -----------------------------
--- scripts:  program finish, took 262
--- scripts:  Running run_ppcsr on twitter-unique-undir (prefix: twitter) with batch size 100 and algorithm all
### Graph: /data/datasets/graphs/twitter/twitter-unique-undir.base.100.adj
convert to edge list
build from edges: edges for pma = 2430497283
starting copy into PMA
### GRAPH API ###
n is suppoted as a function
m is stored
the graph is symmetric
degree is supported
supports basic map
parallel_map_neighbors is supported
map_neighbors_early_exit is supported
parallel_map_neighbors_early_exit is supported
supports insert_batch
don't have recent enough glibc to make a good guess
total bytes used = 0
### Threads: 128
### n: 41652231
### m: 2430497283
>>> Begin -----------------------------
>>> Input_file /data/datasets/graphs/twitter/twitter-unique-undir.base.100.adj
>>> Batch_file /data/datasets/graphs/twitter/twitter-unique-undir.dynamic.100.el
>>> Batch_num 10
>>> Batch_size 100
>>> Alg BFS 
>>> Res: 
0.000018 0.093964
0.000016 0.092966
0.000018 0.092595
0.000016 0.092919
0.000074 0.092915
0.000016 0.092698
0.000016 0.092727
0.000016 0.092436
0.000018 0.092473
0.000016 0.092566
>>> Alg PageRank 
>>> Res: 
0.000013 9.435403
0.000022 9.065698
0.000030 8.855552
0.000025 8.791300
0.000023 8.800574
0.000023 8.765765
0.000026 8.731084
0.000040 8.716287
0.000047 9.219829
0.000107 8.591610
>>> Alg LabelPropagation 
>>> Res: 
0.000016 1.225171
0.000016 1.213489
0.000019 1.220017
0.000016 1.209878
0.000017 1.218637
0.000016 1.211097
0.000017 1.206881
0.000016 1.216607
0.000016 1.207120
0.000016 1.207209
>>> Alg wBFS_unweighted 
>>> Res: 
0.000014 34.806537
0.000022 33.945193
0.000024 32.123838
0.000252 32.790781
0.000061 32.592240
0.000066 33.134907
0.000039 32.641009
0.000095 32.106431
0.000056 32.173469
0.000472 32.787874
>>> End -----------------------------
--- scripts:  program finish, took 1990
--- scripts:  Running run_ppcsr on soc-LiveJournal1 (prefix: live-journal) with batch size 1000 and algorithm all
### Graph: /data/datasets/graphs/live-journal/soc-LiveJournal1.base.1000.adj
convert to edge list
build from edges: edges for pma = 86210856
starting copy into PMA
### GRAPH API ###
n is suppoted as a function
m is stored
the graph is symmetric
degree is supported
supports basic map
parallel_map_neighbors is supported
map_neighbors_early_exit is supported
parallel_map_neighbors_early_exit is supported
supports insert_batch
don't have recent enough glibc to make a good guess
total bytes used = 0
### Threads: 128
### n: 4847571
### m: 86210856
>>> Begin -----------------------------
>>> Input_file /data/datasets/graphs/live-journal/soc-LiveJournal1.base.1000.adj
>>> Batch_file /data/datasets/graphs/live-journal/soc-LiveJournal1.dynamic.1000.el
>>> Batch_num 10
>>> Batch_size 1000
>>> Alg BFS 
>>> Res: 
0.000037 0.016960
0.000048 0.015749
0.000072 0.015672
0.000042 0.015485
0.000047 0.015380
0.000061 0.015935
0.000079 0.015450
0.000048 0.016275
0.000065 0.015922
0.000084 0.016048
>>> Alg PageRank 
>>> Res: 
0.000035 0.310231
0.000052 0.309765
0.000073 0.311267
0.000089 0.300066
0.000082 0.296036
0.000106 0.298167
0.000134 0.285443
0.000082 0.291356
0.000081 0.279704
0.000117 0.276023
>>> Alg LabelPropagation 
>>> Res: 
0.000034 0.040973
0.000052 0.040858
0.000075 0.041326
0.000050 0.041094
0.000052 0.040877
0.000075 0.041420
0.000080 0.041467
0.000038 0.040812
0.000082 0.040605
0.000064 0.040628
>>> Alg wBFS_unweighted 
>>> Res: 
0.000032 5.287377
0.000049 5.188092
0.000575 5.430381
0.000095 5.158915
0.000593 5.311670
0.000083 5.172360
0.000089 5.266201
0.000077 5.073980
0.000087 5.067925
0.000092 5.129732
>>> End -----------------------------
--- scripts:  program finish, took 242
--- scripts:  Running run_ppcsr on com-orkut.ungraph (prefix: orkut) with batch size 1000 and algorithm all
### Graph: /data/datasets/graphs/orkut/com-orkut.ungraph.base.1000.adj
convert to edge list
build from edges: edges for pma = 234360166
starting copy into PMA
### GRAPH API ###
n is suppoted as a function
m is stored
the graph is symmetric
degree is supported
supports basic map
parallel_map_neighbors is supported
map_neighbors_early_exit is supported
parallel_map_neighbors_early_exit is supported
supports insert_batch
don't have recent enough glibc to make a good guess
total bytes used = 0
### Threads: 128
### n: 3072627
### m: 234360166
>>> Begin -----------------------------
>>> Input_file /data/datasets/graphs/orkut/com-orkut.ungraph.base.1000.adj
>>> Batch_file /data/datasets/graphs/orkut/com-orkut.ungraph.dynamic.1000.el
>>> Batch_num 10
>>> Batch_size 1000
>>> Alg BFS 
>>> Res: 
3.199259 0.009497
0.000116 0.008084
0.000039 0.009069
0.000050 0.008029
0.000050 0.008034
0.000186 0.008026
0.000079 0.008005
0.000058 0.008056
0.000067 0.008011
0.000044 0.008006
>>> Alg PageRank 
>>> Res: 
3.315377 0.598375
0.000175 0.630445
0.000208 0.620490
0.000396 0.664007
0.000367 0.626877
0.000174 0.586045
0.000418 0.590007
0.000656 0.574197
0.000760 0.593451
0.000955 0.577014
>>> Alg LabelPropagation 
>>> Res: 
3.165806 0.070483
0.000065 0.068314
0.000069 0.069523
0.000061 0.069040
0.000044 0.069326
0.000056 0.068668
0.000057 0.069677
0.000073 0.068811
0.000087 0.069003
0.000101 0.069546
>>> Alg wBFS_unweighted 
>>> Res: 
3.154871 3.680682
0.000054 3.625380
0.000043 3.517449
0.000078 3.517149
0.000044 3.517941
0.000046 3.494859
0.000071 3.559923
0.000413 8.235317
0.000127 4.410932
0.000487 3.559783
>>> End -----------------------------
--- scripts:  program finish, took 263
--- scripts:  Running run_ppcsr on cit-Patents (prefix: cit-Patents) with batch size 1000 and algorithm all
### Graph: /data/datasets/graphs/cit-Patents/cit-Patents.base.1000.adj
convert to edge list
build from edges: edges for pma = 33027895
starting copy into PMA
### GRAPH API ###
n is suppoted as a function
m is stored
the graph is symmetric
degree is supported
supports basic map
parallel_map_neighbors is supported
map_neighbors_early_exit is supported
parallel_map_neighbors_early_exit is supported
supports insert_batch
don't have recent enough glibc to make a good guess
total bytes used = 0
### Threads: 128
### n: 6009555
### m: 33027895
>>> Begin -----------------------------
>>> Input_file /data/datasets/graphs/cit-Patents/cit-Patents.base.1000.adj
>>> Batch_file /data/datasets/graphs/cit-Patents/cit-Patents.dynamic.1000.el
>>> Batch_num 10
>>> Batch_size 1000
>>> Alg BFS 
>>> Res: 
0.000029 0.018958
0.000040 0.017682
0.000056 0.017594
0.000042 0.017546
0.000031 0.017478
0.000031 0.017508
0.000047 0.017567
0.000041 0.017543
0.000031 0.017526
0.000031 0.017489
>>> Alg PageRank 
>>> Res: 
0.000031 0.293861
0.000038 0.294206
0.000050 0.279644
0.000063 0.281488
0.000041 0.280400
0.000067 0.275344
0.000047 0.283467
0.000077 0.281566
0.000521 0.276052
0.000308 0.266345
>>> Alg LabelPropagation 
>>> Res: 
0.000032 0.043940
0.000044 0.046349
0.000097 0.042785
0.000145 0.039201
0.000103 0.040188
0.000104 0.039944
0.000116 0.040529
0.000109 0.040945
0.000099 0.041192
0.000102 0.039997
>>> Alg wBFS_unweighted 
>>> Res: 
0.000034 5.334273
0.000052 5.322356
0.000040 5.294451
0.000044 5.344994
0.000041 5.411579
0.000042 5.409103
0.000135 5.445588
0.000218 5.557123
0.000928 5.510494
0.000499 5.357591
>>> End -----------------------------
--- scripts:  program finish, took 253
--- scripts:  Running run_ppcsr on twitter-unique-undir (prefix: twitter) with batch size 1000 and algorithm all
### Graph: /data/datasets/graphs/twitter/twitter-unique-undir.base.1000.adj
convert to edge list
build from edges: edges for pma = 2430488283
starting copy into PMA
### GRAPH API ###
n is suppoted as a function
m is stored
the graph is symmetric
degree is supported
supports basic map
parallel_map_neighbors is supported
map_neighbors_early_exit is supported
parallel_map_neighbors_early_exit is supported
supports insert_batch
don't have recent enough glibc to make a good guess
total bytes used = 0
### Threads: 128
### n: 41652231
### m: 2430488283
>>> Begin -----------------------------
>>> Input_file /data/datasets/graphs/twitter/twitter-unique-undir.base.1000.adj
>>> Batch_file /data/datasets/graphs/twitter/twitter-unique-undir.dynamic.1000.el
>>> Batch_num 10
>>> Batch_size 1000
>>> Alg BFS 
>>> Res: 
0.000208 0.100559
0.000122 0.099047
0.000323 0.099692
0.000243 0.099553
0.000141 0.099358
0.000203 0.098931
0.000176 0.098946
0.000135 0.098636
0.000237 0.099709
0.000196 0.098831
>>> Alg PageRank 
>>> Res: 
0.000102 8.944111
0.000150 8.910737
0.000106 8.704610
0.000166 8.366670
0.000186 7.829345
0.000125 7.713764
0.000218 7.686664
0.000174 7.873063
0.000208 7.781468
0.000185 7.447102
>>> Alg LabelPropagation 
>>> Res: 
0.000085 1.076729
0.000117 1.054688
0.000109 1.066112
0.000112 1.062072
0.000108 1.068001
0.000106 1.053132
0.000107 1.057361
0.000109 1.068187
0.000966 1.058701
0.000123 1.069692
>>> Alg wBFS_unweighted 
>>> Res: 
0.000536 25.361705
0.000120 24.359149
0.000557 24.172953
0.000151 23.597633
0.000192 24.301148
0.000619 23.883544
0.000628 23.645793
0.000355 28.865517
0.001158 30.895831
0.000600 27.585736
>>> End -----------------------------
--- scripts:  program finish, took 1660
--- scripts:  Running run_ppcsr on soc-LiveJournal1 (prefix: live-journal) with batch size 10000 and algorithm all
### Graph: /data/datasets/graphs/live-journal/soc-LiveJournal1.base.10000.adj
convert to edge list
build from edges: edges for pma = 86120856
starting copy into PMA
### GRAPH API ###
n is suppoted as a function
m is stored
the graph is symmetric
degree is supported
supports basic map
parallel_map_neighbors is supported
map_neighbors_early_exit is supported
parallel_map_neighbors_early_exit is supported
supports insert_batch
don't have recent enough glibc to make a good guess
total bytes used = 0
### Threads: 128
### n: 4847571
### m: 86120856
>>> Begin -----------------------------
>>> Input_file /data/datasets/graphs/live-journal/soc-LiveJournal1.base.10000.adj
>>> Batch_file /data/datasets/graphs/live-journal/soc-LiveJournal1.dynamic.10000.el
>>> Batch_num 10
>>> Batch_size 10000
>>> Alg BFS 
>>> Res: 
0.000251 0.018020
0.000304 0.016845
0.000305 0.016640
0.000310 0.016682
0.000284 0.016520
0.000314 0.016568
0.000287 0.016484
0.000285 0.016512
0.000300 0.016557
0.000273 0.016481
>>> Alg PageRank 
>>> Res: 
0.000445 0.343335
0.000335 0.329529
0.000326 0.331360
0.000316 0.330944
0.000328 0.330205
0.000335 0.328455
0.000334 0.331421
0.000879 0.329612
0.001001 0.338938
0.001168 0.325355
>>> Alg LabelPropagation 
>>> Res: 
0.000187 0.037922
0.000239 0.037751
0.000286 0.038122
0.000256 0.037996
0.000234 0.037511
0.000246 0.038127
0.000249 0.037823
0.000216 0.038584
0.000204 0.038092
0.000214 0.037852
>>> Alg wBFS_unweighted 
>>> Res: 
0.000160 5.301800
0.000396 5.318692
0.000608 5.422080
0.001023 5.370209
0.001601 5.570083
0.001497 5.497629
0.000788 5.349276
0.001135 5.346111
0.000571 5.298747
0.001143 5.324614
>>> End -----------------------------
--- scripts:  program finish, took 252
--- scripts:  Running run_ppcsr on com-orkut.ungraph (prefix: orkut) with batch size 10000 and algorithm all
### Graph: /data/datasets/graphs/orkut/com-orkut.ungraph.base.10000.adj
convert to edge list
build from edges: edges for pma = 234270166
starting copy into PMA
### GRAPH API ###
n is suppoted as a function
m is stored
the graph is symmetric
degree is supported
supports basic map
parallel_map_neighbors is supported
map_neighbors_early_exit is supported
parallel_map_neighbors_early_exit is supported
supports insert_batch
don't have recent enough glibc to make a good guess
total bytes used = 0
### Threads: 128
### n: 3072627
### m: 234270166
>>> Begin -----------------------------
>>> Input_file /data/datasets/graphs/orkut/com-orkut.ungraph.base.10000.adj
>>> Batch_file /data/datasets/graphs/orkut/com-orkut.ungraph.dynamic.10000.el
>>> Batch_num 10
>>> Batch_size 10000
>>> Alg BFS 
>>> Res: 
3.147449 0.009381
0.000270 0.008364
0.000258 0.008237
0.000282 0.008217
0.000265 0.008108
0.000261 0.008341
0.000265 0.008164
0.000253 0.008235
0.000261 0.008190
0.000256 0.008238
>>> Alg PageRank 
>>> Res: 
3.148526 0.576735
0.000247 0.565986
0.000613 0.564151
0.000266 0.564350
0.000554 0.560962
0.000589 0.559050
0.000862 0.581177
0.000828 0.572770
0.001288 0.578019
0.001391 0.516985
>>> Alg LabelPropagation 
>>> Res: 
3.079802 0.064928
0.000266 0.065281
0.000260 0.064835
0.000291 0.064629
0.000271 0.065045
0.000294 0.065385
0.000280 0.066087
0.000300 0.065513
0.000286 0.065846
0.000281 0.065505
>>> Alg wBFS_unweighted 
>>> Res: 
3.119655 3.611115
0.000349 3.575347
0.000443 3.853471
0.000651 6.673020
0.000662 3.893247
0.000794 3.510050
0.000456 3.503523
0.000435 3.582181
0.000867 3.576932
0.000797 3.546577
>>> End -----------------------------
--- scripts:  program finish, took 252
--- scripts:  Running run_ppcsr on cit-Patents (prefix: cit-Patents) with batch size 10000 and algorithm all
### Graph: /data/datasets/graphs/cit-Patents/cit-Patents.base.10000.adj
convert to edge list
build from edges: edges for pma = 32937895
starting copy into PMA
### GRAPH API ###
n is suppoted as a function
m is stored
the graph is symmetric
degree is supported
supports basic map
parallel_map_neighbors is supported
map_neighbors_early_exit is supported
parallel_map_neighbors_early_exit is supported
supports insert_batch
don't have recent enough glibc to make a good guess
total bytes used = 0
### Threads: 128
### n: 6009555
### m: 32937895
>>> Begin -----------------------------
>>> Input_file /data/datasets/graphs/cit-Patents/cit-Patents.base.10000.adj
>>> Batch_file /data/datasets/graphs/cit-Patents/cit-Patents.dynamic.10000.el
>>> Batch_num 10
>>> Batch_size 10000
>>> Alg BFS 
>>> Res: 
0.000143 0.018920
0.000190 0.017386
0.000172 0.017310
0.000188 0.017286
0.000184 0.017309
0.000168 0.017275
0.000177 0.017262
0.000177 0.017190
0.000159 0.017361
0.000167 0.017290
>>> Alg PageRank 
>>> Res: 
0.000158 0.269635
0.000229 0.271390
0.000242 0.270655
0.000231 0.269031
0.000214 0.264610
0.000230 0.265886
0.000216 0.266063
0.000230 0.268467
0.000222 0.269045
0.000219 0.270271
>>> Alg LabelPropagation 
>>> Res: 
0.000164 0.052988
0.000217 0.051052
0.000186 0.051167
0.000217 0.051480
0.000321 0.050905
0.000199 0.051734
0.000215 0.051581
0.000189 0.051202
0.000194 0.050304
0.000203 0.052064
>>> Alg wBFS_unweighted 
>>> Res: 
0.000185 5.537463
0.000216 5.473268
0.000544 5.670006
0.001032 5.429974
0.000920 5.634672
0.000770 5.523504
0.001064 5.478220
0.000370 5.364909
0.000390 5.332930
0.000333 5.423545
>>> End -----------------------------
--- scripts:  program finish, took 256
--- scripts:  Running run_ppcsr on twitter-unique-undir (prefix: twitter) with batch size 10000 and algorithm all
### Graph: /data/datasets/graphs/twitter/twitter-unique-undir.base.10000.adj
convert to edge list
build from edges: edges for pma = 2430398283
starting copy into PMA
### GRAPH API ###
n is suppoted as a function
m is stored
the graph is symmetric
degree is supported
supports basic map
parallel_map_neighbors is supported
map_neighbors_early_exit is supported
parallel_map_neighbors_early_exit is supported
supports insert_batch
don't have recent enough glibc to make a good guess
total bytes used = 0
### Threads: 128
### n: 41652231
### m: 2430398283
>>> Begin -----------------------------
>>> Input_file /data/datasets/graphs/twitter/twitter-unique-undir.base.10000.adj
>>> Batch_file /data/datasets/graphs/twitter/twitter-unique-undir.dynamic.10000.el
>>> Batch_num 10
>>> Batch_size 10000
>>> Alg BFS 
>>> Res: 
0.000785 0.108633
0.000815 0.106048
0.000799 0.105950
0.000773 0.105850
0.000808 0.106251
0.000778 0.106990
0.000895 0.106025
0.000808 0.106009
0.000880 0.105862
0.000772 0.106230
>>> Alg PageRank 
>>> Res: 
0.000420 11.149385
0.000543 10.864609
0.000660 10.582826
0.000747 10.874287
0.000746 11.285809
0.000719 9.792385
0.000847 9.615937
0.000809 9.611897
0.000790 9.600095
0.000738 9.311735
>>> Alg LabelPropagation 
>>> Res: 
0.000355 1.014227
0.000843 1.019978
0.000838 1.005271
0.000450 1.010273
0.000405 1.008733
0.000416 1.016774
0.000407 1.014003
0.000410 1.021548
0.000442 1.016310
0.000409 1.011687
>>> Alg wBFS_unweighted 
>>> Res: 
0.000290 30.322291
0.000996 29.593598
0.001679 32.007821
0.001387 28.118525
0.001026 26.683608
0.000424 26.167376
0.000900 26.165541
0.000920 26.583115
0.000915 25.989800
0.000943 26.400606
>>> End -----------------------------
--- scripts:  program finish, took 1829
--- scripts:  Running run_ppcsr on soc-LiveJournal1 (prefix: live-journal) with batch size 100000 and algorithm all
### Graph: /data/datasets/graphs/live-journal/soc-LiveJournal1.base.100000.adj
convert to edge list
build from edges: edges for pma = 85220856
starting copy into PMA
### GRAPH API ###
n is suppoted as a function
m is stored
the graph is symmetric
degree is supported
supports basic map
parallel_map_neighbors is supported
map_neighbors_early_exit is supported
parallel_map_neighbors_early_exit is supported
supports insert_batch
don't have recent enough glibc to make a good guess
total bytes used = 0
### Threads: 128
### n: 4847571
### m: 85220856
>>> Begin -----------------------------
>>> Input_file /data/datasets/graphs/live-journal/soc-LiveJournal1.base.100000.adj
>>> Batch_file /data/datasets/graphs/live-journal/soc-LiveJournal1.dynamic.100000.el
>>> Batch_num 10
>>> Batch_size 100000
>>> Alg BFS 
>>> Res: 
0.002576 0.016515
0.002541 0.015262
0.002518 0.015188
0.002507 0.014986
0.002473 0.015110
0.002462 0.015019
0.002444 0.015185
0.002520 0.014989
0.002501 0.015050
0.002527 0.015151
>>> Alg PageRank 
>>> Res: 
0.002123 0.302912
0.004414 0.293655
0.003239 0.294924
0.002204 0.299244
0.003267 0.304113
0.002191 0.289385
0.002310 0.280591
0.002275 0.270790
0.002000 0.260987
0.001868 0.262977
>>> Alg LabelPropagation 
>>> Res: 
0.001946 0.037674
0.001914 0.037211
0.001492 0.037379
0.001510 0.037577
0.001523 0.037223
0.001955 0.037988
0.001938 0.038091
0.001499 0.037295
0.001520 0.038824
0.002416 0.040656
>>> Alg wBFS_unweighted 
>>> Res: 
0.001812 5.289778
0.008241 5.117983
0.003340 5.075232
0.006614 5.202271
0.003589 5.057768
0.002086 5.234876
0.003836 5.253918
0.001931 5.332313
0.002103 5.134234
0.004005 5.104251
>>> End -----------------------------
--- scripts:  program finish, took 241
--- scripts:  Running run_ppcsr on com-orkut.ungraph (prefix: orkut) with batch size 100000 and algorithm all
### Graph: /data/datasets/graphs/orkut/com-orkut.ungraph.base.100000.adj
convert to edge list
build from edges: edges for pma = 233370166
starting copy into PMA
### GRAPH API ###
n is suppoted as a function
m is stored
the graph is symmetric
degree is supported
supports basic map
parallel_map_neighbors is supported
map_neighbors_early_exit is supported
parallel_map_neighbors_early_exit is supported
supports insert_batch
don't have recent enough glibc to make a good guess
total bytes used = 0
### Threads: 128
### n: 3072627
### m: 233370166
>>> Begin -----------------------------
>>> Input_file /data/datasets/graphs/orkut/com-orkut.ungraph.base.100000.adj
>>> Batch_file /data/datasets/graphs/orkut/com-orkut.ungraph.dynamic.100000.el
>>> Batch_num 10
>>> Batch_size 100000
>>> Alg BFS 
>>> Res: 
2.102396 0.009727
0.002477 0.008784
0.002381 0.008937
0.002347 0.008782
0.002389 0.008834
0.002351 0.008880
0.002338 0.008872
0.002327 0.008929
0.002359 0.008874
0.002291 0.008893
>>> Alg PageRank 
>>> Res: 
2.307746 0.580832
0.002743 0.571688
0.002602 0.577786
0.002585 0.589880
0.002486 0.577514
0.002351 0.567327
0.002337 0.569245
0.002315 0.576779
0.003043 0.572405
0.002340 0.580308
>>> Alg LabelPropagation 
>>> Res: 
2.024283 0.065162
0.002842 0.064965
0.002675 0.065842
0.002366 0.067137
0.002646 0.067384
0.003033 0.065662
0.003255 0.067173
0.003059 0.067796
0.003020 0.066469
0.003190 0.067102
>>> Alg wBFS_unweighted 
>>> Res: 
2.063980 3.687039
0.002785 3.785961
0.006133 7.708158
0.006344 4.611015
0.004389 3.643734
0.003921 3.655035
0.003608 3.689148
0.003341 3.685837
0.003395 3.719542
0.003555 3.705370
>>> End -----------------------------
--- scripts:  program finish, took 249
--- scripts:  Running run_ppcsr on cit-Patents (prefix: cit-Patents) with batch size 100000 and algorithm all
### Graph: /data/datasets/graphs/cit-Patents/cit-Patents.base.100000.adj
convert to edge list
build from edges: edges for pma = 32037895
starting copy into PMA
### GRAPH API ###
n is suppoted as a function
m is stored
the graph is symmetric
degree is supported
supports basic map
parallel_map_neighbors is supported
map_neighbors_early_exit is supported
parallel_map_neighbors_early_exit is supported
supports insert_batch
don't have recent enough glibc to make a good guess
total bytes used = 0
### Threads: 128
### n: 6009555
### m: 32037895
>>> Begin -----------------------------
>>> Input_file /data/datasets/graphs/cit-Patents/cit-Patents.base.100000.adj
>>> Batch_file /data/datasets/graphs/cit-Patents/cit-Patents.dynamic.100000.el
>>> Batch_num 10
>>> Batch_size 100000
>>> Alg BFS 
>>> Res: 
0.002893 0.024812
0.002762 0.023795
0.002859 0.023262
0.002733 0.023540
0.002827 0.023065
0.002729 0.023051
0.002719 0.023304
0.002794 0.023192
0.002734 0.023678
0.002927 0.023645
>>> Alg PageRank 
>>> Res: 
0.002412 0.220719
0.002424 0.216888
0.002502 0.202808
0.002401 0.197967
0.002349 0.201201
0.002425 0.191612
0.002198 0.190849
0.002204 0.192527
0.002409 0.199746
0.002437 0.199203
>>> Alg LabelPropagation 
>>> Res: 
0.001517 0.039253
0.001733 0.038156
0.001764 0.037519
0.001454 0.036630
0.001501 0.037345
0.001455 0.036851
0.001555 0.037470
0.001456 0.036824
0.001451 0.036976
0.001448 0.037051
>>> Alg wBFS_unweighted 
>>> Res: 
0.002236 5.477187
0.002267 5.466858
0.002273 5.361604
0.004459 5.455996
0.002261 5.371072
0.001849 5.401174
0.002569 5.502327
0.005750 5.382250
0.003182 5.402073
0.003384 5.473202
>>> End -----------------------------
--- scripts:  program finish, took 251
--- scripts:  Running run_ppcsr on twitter-unique-undir (prefix: twitter) with batch size 100000 and algorithm all
### Graph: /data/datasets/graphs/twitter/twitter-unique-undir.base.100000.adj
convert to edge list
build from edges: edges for pma = 2429498283
starting copy into PMA
### GRAPH API ###
n is suppoted as a function
m is stored
the graph is symmetric
degree is supported
supports basic map
parallel_map_neighbors is supported
map_neighbors_early_exit is supported
parallel_map_neighbors_early_exit is supported
supports insert_batch
don't have recent enough glibc to make a good guess
total bytes used = 0
### Threads: 128
### n: 41652231
### m: 2429498283
>>> Begin -----------------------------
>>> Input_file /data/datasets/graphs/twitter/twitter-unique-undir.base.100000.adj
>>> Batch_file /data/datasets/graphs/twitter/twitter-unique-undir.dynamic.100000.el
>>> Batch_num 10
>>> Batch_size 100000
>>> Alg BFS 
>>> Res: 
0.005649 0.106754
0.005640 0.103306
0.005548 0.103818
0.005577 0.103364
0.005553 0.103580
0.005600 0.103800
0.005667 0.102427
0.005688 0.102185
0.005954 0.101802
0.006156 0.102803
>>> Alg PageRank 
>>> Res: 
0.003770 12.781305
0.003911 12.683691
0.003928 12.123941
0.005286 11.557202
0.005512 11.340917
0.005383 11.318578
0.005312 11.303175
0.005469 11.134340
0.005282 10.797251
0.005139 10.773057
>>> Alg LabelPropagation 
>>> Res: 
0.002798 1.081883
0.003327 1.079062
0.003348 1.071741
0.003201 1.077017
0.003025 1.089977
0.003005 1.071366
0.003088 1.075858
0.003435 1.077172
0.003110 1.079525
0.003116 1.065652
>>> Alg wBFS_unweighted 
>>> Res: 
0.003598 28.423089
0.003309 28.171200
0.002339 25.755547
0.002343 26.609144
0.002962 25.271080
0.003080 25.837465
0.003272 25.431466
0.003256 25.769422
0.003548 33.498278
0.004195 31.594493
>>> End -----------------------------
--- scripts:  program finish, took 1883
--- scripts:  Running run_ppcsr on soc-LiveJournal1 (prefix: live-journal) with batch size 1000000 and algorithm all
### Graph: /data/datasets/graphs/live-journal/soc-LiveJournal1.base.1000000.adj
convert to edge list
build from edges: edges for pma = 76220856
starting copy into PMA
### GRAPH API ###
n is suppoted as a function
m is stored
the graph is symmetric
degree is supported
supports basic map
parallel_map_neighbors is supported
map_neighbors_early_exit is supported
parallel_map_neighbors_early_exit is supported
supports insert_batch
don't have recent enough glibc to make a good guess
total bytes used = 0
### Threads: 128
### n: 4847571
### m: 76220856
>>> Begin -----------------------------
>>> Input_file /data/datasets/graphs/live-journal/soc-LiveJournal1.base.1000000.adj
>>> Batch_file /data/datasets/graphs/live-journal/soc-LiveJournal1.dynamic.1000000.el
>>> Batch_num 10
>>> Batch_size 1000000
>>> Alg BFS 
>>> Res: 
0.027106 0.021659
0.026187 0.020140
0.025765 0.020587
0.026029 0.021296
0.025580 0.019381
0.025855 0.019900
0.025742 0.018960
0.025452 0.018515
0.025567 0.018892
0.025535 0.018765
>>> Alg PageRank 
>>> Res: 
0.023454 0.293818
0.019864 0.270530
0.018089 0.273396
0.017789 0.261614
0.018096 0.256510
0.016978 0.263066
0.022383 0.263640
0.017283 0.258272
0.017322 0.260189
0.016566 0.247908
>>> Alg LabelPropagation 
>>> Res: 
0.016982 0.038224
0.014162 0.036815
0.014017 0.036875
0.013899 0.036909
0.013916 0.037756
0.013880 0.037986
0.014006 0.038415
0.013851 0.037998
0.013916 0.037585
0.013926 0.037917
>>> Alg wBFS_unweighted 
>>> Res: 
0.019139 5.263059
0.016282 5.151822
0.016271 5.286610
0.026120 5.136233
0.018638 5.621958
0.025072 5.401508
0.029339 5.267385
0.027850 5.324593
0.020806 5.285585
0.022075 5.097501
>>> End -----------------------------
--- scripts:  program finish, took 250
--- scripts:  Running run_ppcsr on com-orkut.ungraph (prefix: orkut) with batch size 1000000 and algorithm all
### Graph: /data/datasets/graphs/orkut/com-orkut.ungraph.base.1000000.adj
convert to edge list
build from edges: edges for pma = 224370166
starting copy into PMA
### GRAPH API ###
n is suppoted as a function
m is stored
the graph is symmetric
degree is supported
supports basic map
parallel_map_neighbors is supported
map_neighbors_early_exit is supported
parallel_map_neighbors_early_exit is supported
supports insert_batch
don't have recent enough glibc to make a good guess
total bytes used = 0
### Threads: 128
### n: 3072627
### m: 224370166
>>> Begin -----------------------------
>>> Input_file /data/datasets/graphs/orkut/com-orkut.ungraph.base.1000000.adj
>>> Batch_file /data/datasets/graphs/orkut/com-orkut.ungraph.dynamic.1000000.el
>>> Batch_num 10
>>> Batch_size 1000000
>>> Alg BFS 
>>> Res: 
0.016323 0.007777
0.014916 0.007806
0.013941 0.008549
0.014974 0.007796
0.014131 0.007759
0.014040 0.007614
0.014085 0.007636
0.014127 0.007647
0.014162 0.007662
0.014189 0.007632
>>> Alg PageRank 
>>> Res: 
0.013732 0.285824
0.012849 0.293167
0.012979 0.291830
0.012571 0.288262
0.012638 0.283757
0.012390 0.278844
0.012470 0.275175
0.012424 0.275906
0.012464 0.281397
0.011958 0.266894
>>> Alg LabelPropagation 
>>> Res: 
0.012167 0.050159
0.009661 0.051349
0.009743 0.047047
0.009522 0.047719
0.009513 0.047968
0.009518 0.047800
0.009541 0.047613
0.009298 0.047138
0.009584 0.048341
0.009599 0.049077
>>> Alg wBFS_unweighted 
>>> Res: 
0.012960 4.787225
0.020317 3.562405
0.010208 3.535187
0.010270 3.734837
0.015288 4.128722
0.017644 3.573809
0.010469 3.654941
0.010832 3.697218
0.010572 3.557479
0.010060 3.530132
>>> End -----------------------------
--- scripts:  program finish, took 184
--- scripts:  Running run_ppcsr on cit-Patents (prefix: cit-Patents) with batch size 1000000 and algorithm all
### Graph: /data/datasets/graphs/cit-Patents/cit-Patents.base.1000000.adj
convert to edge list
build from edges: edges for pma = 23037895
starting copy into PMA
### GRAPH API ###
n is suppoted as a function
m is stored
the graph is symmetric
degree is supported
supports basic map
parallel_map_neighbors is supported
map_neighbors_early_exit is supported
parallel_map_neighbors_early_exit is supported
supports insert_batch
don't have recent enough glibc to make a good guess
total bytes used = 0
### Threads: 128
### n: 6009555
### m: 23037895
>>> Begin -----------------------------
>>> Input_file /data/datasets/graphs/cit-Patents/cit-Patents.base.1000000.adj
>>> Batch_file /data/datasets/graphs/cit-Patents/cit-Patents.dynamic.1000000.el
>>> Batch_num 10
>>> Batch_size 1000000
>>> Alg BFS 
>>> Res: 
0.018745 0.023734
0.018245 0.024487
0.018801 0.024589
0.019701 0.022921
0.020973 0.022528
0.023596 0.022067
0.029429 0.021635
0.428104 0.021476
0.012250 0.024789
0.012974 0.026032
>>> Alg PageRank 
>>> Res: 
0.018913 0.197887
0.016463 0.185546
0.016439 0.178741
0.016137 0.179126
0.017585 0.178300
0.019288 0.183771
0.027534 0.181341
0.427257 0.217544
0.012294 0.220643
0.012964 0.232071
>>> Alg LabelPropagation 
>>> Res: 
0.018167 0.032569
0.016116 0.032331
0.016675 0.032299
0.017183 0.034214
0.017604 0.032428
0.019527 0.032217
0.024155 0.032203
0.402273 0.036810
0.011359 0.037436
0.011460 0.037754
>>> Alg wBFS_unweighted 
>>> Res: 
0.027629 6.312543
0.025760 6.283165
0.024333 5.992270
0.026269 5.838703
0.026255 5.826444
0.031285 5.975099
0.042269 5.568510
0.429229 5.645785
0.023240 5.638307
0.024127 5.612776
>>> End -----------------------------
--- scripts:  program finish, took 281
--- scripts:  Running run_ppcsr on twitter-unique-undir (prefix: twitter) with batch size 1000000 and algorithm all
### Graph: /data/datasets/graphs/twitter/twitter-unique-undir.base.1000000.adj
convert to edge list
build from edges: edges for pma = 2420498283
starting copy into PMA
### GRAPH API ###
n is suppoted as a function
m is stored
the graph is symmetric
degree is supported
supports basic map
parallel_map_neighbors is supported
map_neighbors_early_exit is supported
parallel_map_neighbors_early_exit is supported
supports insert_batch
don't have recent enough glibc to make a good guess
total bytes used = 0
### Threads: 128
### n: 41652231
### m: 2420498283
>>> Begin -----------------------------
>>> Input_file /data/datasets/graphs/twitter/twitter-unique-undir.base.1000000.adj
>>> Batch_file /data/datasets/graphs/twitter/twitter-unique-undir.dynamic.1000000.el
>>> Batch_num 10
>>> Batch_size 1000000
>>> Alg BFS 
>>> Res: 
0.047715 0.087918
0.046848 0.087982
0.046893 0.087684
0.047514 0.087287
0.047091 0.087597
0.047080 0.086741
0.047891 0.087292
0.046861 0.087004
0.047266 0.087299
0.047514 0.085356
>>> Alg PageRank 
>>> Res: 
0.029071 11.736292
0.029848 11.553531
0.027592 11.397228
0.037422 10.709511
0.037099 10.373147
0.034079 11.284326
0.034730 10.188712
0.027723 9.934087
0.026913 9.924900
0.024530 9.919163
>>> Alg LabelPropagation 
>>> Res: 
0.019633 1.014921
0.019784 1.024209
0.019493 1.017265
0.019569 1.014052
0.019490 1.017110
0.019670 1.005200
0.019467 1.029582
0.019494 1.022747
0.019619 1.024555
0.020515 1.014743
>>> Alg wBFS_unweighted 
>>> Res: 
0.019556 29.206892
0.019553 28.549940
0.019278 28.500428
0.019629 29.580968
0.019776 30.244010
0.020942 29.819760
0.022892 29.508400
0.027192 32.444146
0.026987 32.891397
0.023800 29.938715
>>> End -----------------------------
--- scripts:  program finish, took 1942
