--- scripts: Running run_std_set on com-orkut_sym.bin with batch size 1 and algorithm bfs
convert to edge list
build from edges: edges for pma = 234370166
starting copy into PMA
### GRAPH API ###
n is suppoted as a function
m is stored
the graph is symmetric
degree is supported
supports basic map
parallel_map_neighbors is supported
map_neighbors_early_exit is supported
parallel_map_neighbors_early_exit is supported
supports insert_batch
don't have recent enough glibc to make a good guess
### Threads: 192
### n: 3072627
### m: 234370166
>>> -----------------------------
>>> Input_file /data/graphs/bin/com-orkut_sym.bin
>>> Batch_file /data/zmen002/graph/byo/com-orkut_sym_batches/batch_1.in
>>> Batch_num 10
>>> Batch_size 1
>>> Alg BFS 
0.000004 0.020741
0.000005 0.020825
4.121844 0.029075
0.000004 0.028742
0.000004 0.029023
0.000004 0.027559
0.000005 0.027509
0.000005 0.027278
0.000004 0.027511
0.000005 0.026337
>>> -----------------------------
--- scripts: Running run_std_set on com-orkut_sym.bin with batch size 1 and algorithm pagerank
convert to edge list
build from edges: edges for pma = 234370166
starting copy into PMA
### GRAPH API ###
n is suppoted as a function
m is stored
the graph is symmetric
degree is supported
supports basic map
parallel_map_neighbors is supported
map_neighbors_early_exit is supported
parallel_map_neighbors_early_exit is supported
supports insert_batch
don't have recent enough glibc to make a good guess
### Threads: 192
### n: 3072627
### m: 234370166
>>> -----------------------------
>>> Input_file /data/graphs/bin/com-orkut_sym.bin
>>> Batch_file /data/zmen002/graph/byo/com-orkut_sym_batches/batch_1.in
>>> Batch_num 10
>>> Batch_size 1
>>> Alg PageRank 
0.000005 0.518203
0.000004 0.494082
4.488824 0.628152
0.000004 0.604632
0.000005 0.535658
0.000004 0.473123
0.000014 0.466654
0.000008 0.470691
0.000010 0.464105
0.000013 0.465063
>>> -----------------------------
--- scripts: Running run_std_set on com-orkut_sym.bin with batch size 10 and algorithm bfs
convert to edge list
build from edges: edges for pma = 234370166
starting copy into PMA
### GRAPH API ###
n is suppoted as a function
m is stored
the graph is symmetric
degree is supported
supports basic map
parallel_map_neighbors is supported
map_neighbors_early_exit is supported
parallel_map_neighbors_early_exit is supported
supports insert_batch
don't have recent enough glibc to make a good guess
### Threads: 192
### n: 3072627
### m: 234370166
>>> -----------------------------
>>> Input_file /data/graphs/bin/com-orkut_sym.bin
>>> Batch_file /data/zmen002/graph/byo/com-orkut_sym_batches/batch_10.in
>>> Batch_num 10
>>> Batch_size 10
>>> Alg BFS 
5.342249 0.027884
0.000017 0.027148
0.000015 0.026407
0.000018 0.025983
0.000018 0.025988
0.000018 0.025242
0.000015 0.025502
0.000014 0.024919
0.000016 0.026383
0.000017 0.024895
>>> -----------------------------
--- scripts: Running run_std_set on com-orkut_sym.bin with batch size 10 and algorithm pagerank
convert to edge list
build from edges: edges for pma = 234370166
starting copy into PMA
### GRAPH API ###
n is suppoted as a function
m is stored
the graph is symmetric
degree is supported
supports basic map
parallel_map_neighbors is supported
map_neighbors_early_exit is supported
parallel_map_neighbors_early_exit is supported
supports insert_batch
don't have recent enough glibc to make a good guess
### Threads: 192
### n: 3072627
### m: 234370166
>>> -----------------------------
>>> Input_file /data/graphs/bin/com-orkut_sym.bin
>>> Batch_file /data/zmen002/graph/byo/com-orkut_sym_batches/batch_10.in
>>> Batch_num 10
>>> Batch_size 10
>>> Alg PageRank 
5.205887 0.884847
0.000015 0.883653
0.000199 0.838647
0.000603 0.628449
0.000770 0.603894
0.000720 0.602025
0.000661 0.568614
0.000854 0.563732
0.001021 0.501185
0.001311 0.470387
>>> -----------------------------
--- scripts: Running run_ppcsr on com-orkut_sym.bin with batch size 1 and algorithm bfs
convert to edge list
build from edges: edges for pma = 234370166
starting copy into PMA
### GRAPH API ###
n is suppoted as a function
m is stored
the graph is symmetric
degree is supported
supports basic map
parallel_map_neighbors is supported
map_neighbors_early_exit is supported
parallel_map_neighbors_early_exit is supported
supports insert_batch
don't have recent enough glibc to make a good guess
### Threads: 192
### n: 3072627
### m: 234370166
>>> -----------------------------
>>> Input_file /data/graphs/bin/com-orkut_sym.bin
>>> Batch_file /data/zmen002/graph/byo/com-orkut_sym_batches/batch_1.in
>>> Batch_num 10
>>> Batch_size 1
>>> Alg BFS 
0.000004 0.020741
0.000005 0.020825
4.121844 0.029075
0.000004 0.028742
0.000004 0.029023
0.000004 0.027559
0.000005 0.027509
0.000005 0.027278
0.000004 0.027511
0.000005 0.026337
>>> -----------------------------
--- scripts: Running run_ppcsr on com-orkut_sym.bin with batch size 1 and algorithm pagerank
convert to edge list
build from edges: edges for pma = 234370166
starting copy into PMA
### GRAPH API ###
n is suppoted as a function
m is stored
the graph is symmetric
degree is supported
supports basic map
parallel_map_neighbors is supported
map_neighbors_early_exit is supported
parallel_map_neighbors_early_exit is supported
supports insert_batch
don't have recent enough glibc to make a good guess
### Threads: 192
### n: 3072627
### m: 234370166
>>> -----------------------------
>>> Input_file /data/graphs/bin/com-orkut_sym.bin
>>> Batch_file /data/zmen002/graph/byo/com-orkut_sym_batches/batch_1.in
>>> Batch_num 10
>>> Batch_size 1
>>> Alg PageRank 
0.000005 0.518203
0.000004 0.494082
4.488824 0.628152
0.000004 0.604632
0.000005 0.535658
0.000004 0.473123
0.000014 0.466654
0.000008 0.470691
0.000010 0.464105
0.000013 0.465063
>>> -----------------------------
--- scripts: Running run_ppcsr on com-orkut_sym.bin with batch size 10 and algorithm bfs
convert to edge list
build from edges: edges for pma = 234370166
starting copy into PMA
### GRAPH API ###
n is suppoted as a function
m is stored
the graph is symmetric
degree is supported
supports basic map
parallel_map_neighbors is supported
map_neighbors_early_exit is supported
parallel_map_neighbors_early_exit is supported
supports insert_batch
don't have recent enough glibc to make a good guess
### Threads: 192
### n: 3072627
### m: 234370166
>>> -----------------------------
>>> Input_file /data/graphs/bin/com-orkut_sym.bin
>>> Batch_file /data/zmen002/graph/byo/com-orkut_sym_batches/batch_10.in
>>> Batch_num 10
>>> Batch_size 10
>>> Alg BFS 
5.342249 0.027884
0.000017 0.027148
0.000015 0.026407
0.000018 0.025983
0.000018 0.025988
0.000018 0.025242
0.000015 0.025502
0.000014 0.024919
0.000016 0.026383
0.000017 0.024895
>>> -----------------------------
--- scripts: Running run_ppcsr on com-orkut_sym.bin with batch size 10 and algorithm pagerank
convert to edge list
build from edges: edges for pma = 234370166
starting copy into PMA
### GRAPH API ###
n is suppoted as a function
m is stored
the graph is symmetric
degree is supported
supports basic map
parallel_map_neighbors is supported
map_neighbors_early_exit is supported
parallel_map_neighbors_early_exit is supported
supports insert_batch
don't have recent enough glibc to make a good guess
### Threads: 192
### n: 3072627
### m: 234370166
>>> -----------------------------
>>> Input_file /data/graphs/bin/com-orkut_sym.bin
>>> Batch_file /data/zmen002/graph/byo/com-orkut_sym_batches/batch_10.in
>>> Batch_num 10
>>> Batch_size 10
>>> Alg PageRank 
5.205887 0.884847
0.000015 0.883653
0.000199 0.838647
0.000603 0.628449
0.000770 0.603894
0.000720 0.602025
0.000661 0.568614
0.000854 0.563732
0.001021 0.501185
0.001311 0.470387
>>> -----------------------------
